184.70.186.6 - - [14/Jan/2016:22:47:32 -0700] "POST /rawport.php HTTP/1.1" 200 1274 "http://45.79.163.192/rawport.php" "Mozilla/5.0 (Windows NT 6.3) AppleWebKit/537.36 (KHTML, like Gecko) Chrome/47.0.2526.106 Safari/537.36"
::1 - - [14/Jan/2016:22:49:12 -0700] "\tGET / HTTP/1.1" 400 483 "-" "-"
184.70.186.6 - - [14/Jan/2016:22:49:12 -0700] "POST /rawport.php HTTP/1.1" 200 1250 "http://45.79.163.192/rawport.php" "Mozilla/5.0 (Windows NT 6.3) AppleWebKit/537.36 (KHTML, like Gecko) Chrome/47.0.2526.106 Safari/537.36"
::1 - - [14/Jan/2016:22:49:36 -0700] "\tGET /dirname HTTP/1.1" 400 483 "-" "-"
184.70.186.6 - - [14/Jan/2016:22:49:36 -0700] "POST /rawport.php HTTP/1.1" 200 1254 "http://45.79.163.192/rawport.php" "Mozilla/5.0 (Windows NT 6.3) AppleWebKit/537.36 (KHTML, like Gecko) Chrome/47.0.2526.106 Safari/537.36"
::1 - - [14/Jan/2016:22:49:56 -0700] "\tGET / HTTP/1.1" 400 483 "-" "-"
184.70.186.6 - - [14/Jan/2016:22:49:56 -0700] "POST /rawport.php HTTP/1.1" 200 1250 "http://45.79.163.192/rawport.php" "Mozilla/5.0 (Windows NT 6.3) AppleWebKit/537.36 (KHTML, like Gecko) Chrome/47.0.2526.106 Safari/537.36"
::1 - - [14/Jan/2016:22:50:22 -0700] "\tGET /protected/ HTTP/1.1" 400 483 "-" "-"
184.70.186.6 - - [14/Jan/2016:22:50:22 -0700] "POST /rawport.php HTTP/1.1" 200 1256 "http://45.79.163.192/rawport.php" "Mozilla/5.0 (Windows NT 6.3) AppleWebKit/537.36 (KHTML, like Gecko) Chrome/47.0.2526.106 Safari/537.36"
::1 - - [14/Jan/2016:22:50:37 -0700] "-" 408 0 "-" "-"
184.70.186.6 - - [14/Jan/2016:22:45:37 -0700] "POST /rawport.php HTTP/1.1" 200 932 "http://45.79.163.192/rawport.php" "Mozilla/5.0 (Windows NT 6.3) AppleWebKit/537.36 (KHTML, like Gecko) Chrome/47.0.2526.106 Safari/537.36"
::1 - - [14/Jan/2016:22:50:45 -0700] "-" 408 0 "-" "-"
184.70.186.6 - - [14/Jan/2016:22:45:45 -0700] "POST /rawport.php HTTP/1.1" 200 932 "http://45.79.163.192/rawport.php" "Mozilla/5.0 (Windows NT 6.3) AppleWebKit/537.36 (KHTML, like Gecko) Chrome/47.0.2526.106 Safari/537.36"
::1 - - [14/Jan/2016:22:56:17 -0700] "\tGET /protected/ HTTP/1.1" 400 483 "-" "-"
184.70.186.6 - - [14/Jan/2016:22:56:17 -0700] "POST /rawport.php HTTP/1.1" 200 1267 "http://45.79.163.192/rawport.php" "Mozilla/5.0 (Windows NT 6.3) AppleWebKit/537.36 (KHTML, like Gecko) Chrome/47.0.2526.106 Safari/537.36"
61.160.213.55 - - [14/Jan/2016:22:56:24 -0700] "GET http://zc.qq.com/cgi-bin/chs/numreg/init? HTTP/1.0" 404 474 "-" "-"
::1 - - [14/Jan/2016:22:56:48 -0700] "\tGET /Forms HTTP/1.1" 408 0 "-" "-"
184.70.186.6 - - [14/Jan/2016:22:56:48 -0700] "POST /rawport.php HTTP/1.1" 200 1247 "http://45.79.163.192/rawport.php" "Mozilla/5.0 (Windows NT 6.3) AppleWebKit/537.36 (KHTML, like Gecko) Chrome/47.0.2526.106 Safari/537.36"
::1 - - [14/Jan/2016:22:57:20 -0700] "\tGET /Forms HTTP/1.1" 408 0 "-" "-"
184.70.186.6 - - [14/Jan/2016:22:57:20 -0700] "POST /rawport.php HTTP/1.1" 200 1247 "http://45.79.163.192/rawport.php" "Mozilla/5.0 (Windows NT 6.3) AppleWebKit/537.36 (KHTML, like Gecko) Chrome/47.0.2526.106 Safari/537.36"
::1 - - [14/Jan/2016:22:57:24 -0700] "\tGET /Forms HTTP/1.1" 408 0 "-" "-"
184.70.186.6 - - [14/Jan/2016:22:57:24 -0700] "POST /rawport.php HTTP/1.1" 200 1247 "http://45.79.163.192/rawport.php" "Mozilla/5.0 (Windows NT 6.3) AppleWebKit/537.36 (KHTML, like Gecko) Chrome/47.0.2526.106 Safari/537.36"
::1 - - [14/Jan/2016:23:02:25 -0700] "OPTIONS * HTTP/1.0" 200 125 "-" "Apache/2.4.7 (Ubuntu) PHP/5.5.9-1ubuntu4.14 OpenSSL/1.0.1f mod_perl/2.0.8 Perl/v5.18.2 (internal dummy connection)"
45.79.163.192 - - [14/Jan/2016:22:59:23 -0700] "\tGET /Forms HTTP/1.1" 408 0 "-" "-"
184.70.186.6 - - [14/Jan/2016:22:59:23 -0700] "POST /rawport.php HTTP/1.1" 200 1261 "http://45.79.163.192/rawport.php" "Mozilla/5.0 (Windows NT 6.3) AppleWebKit/537.36 (KHTML, like Gecko) Chrome/47.0.2526.106 Safari/537.36"
45.79.163.192 - - [14/Jan/2016:23:04:13 -0700] "\tGET /Forms/ HTTP/1.1" 408 0 "-" "-"
184.70.186.6 - - [14/Jan/2016:23:04:13 -0700] "POST /rawport.php HTTP/1.1" 200 1261 "http://45.79.163.192/rawport.php" "Mozilla/5.0 (Windows NT 6.3) AppleWebKit/537.36 (KHTML, like Gecko) Chrome/47.0.2526.106 Safari/537.36"
::1 - - [14/Jan/2016:23:09:14 -0700] "OPTIONS * HTTP/1.0" 200 125 "-" "Apache/2.4.7 (Ubuntu) PHP/5.5.9-1ubuntu4.14 OpenSSL/1.0.1f mod_perl/2.0.8 Perl/v5.18.2 (internal dummy connection)"
::1 - - [14/Jan/2016:23:09:21 -0700] "OPTIONS * HTTP/1.0" 200 125 "-" "Apache/2.4.7 (Ubuntu) PHP/5.5.9-1ubuntu4.14 OpenSSL/1.0.1f mod_perl/2.0.8 Perl/v5.18.2 (internal dummy connection)"
61.160.213.32 - - [14/Jan/2016:23:23:40 -0700] "GET http://zc.qq.com/cgi-bin/chs/numreg/init? HTTP/1.0" 404 474 "-" "-"
61.160.213.32 - - [14/Jan/2016:23:37:48 -0700] "GET http://zc.qq.com/cgi-bin/chs/numreg/init? HTTP/1.0" 404 474 "-" "-"
45.79.163.192 - - [14/Jan/2016:23:42:14 -0700] "\tGET / HTTP/1.1" 400 483 "-" "-"
184.70.186.6 - - [14/Jan/2016:23:42:14 -0700] "POST /rawport.php HTTP/1.1" 200 1264 "http://45.79.163.192/rawport.php" "Mozilla/5.0 (Windows NT 6.3) AppleWebKit/537.36 (KHTML, like Gecko) Chrome/47.0.2526.106 Safari/537.36"
45.79.163.192 - - [14/Jan/2016:23:42:25 -0700] "\tGET / HTTP/1.1" 400 483 "-" "-"
184.70.186.6 - - [14/Jan/2016:23:42:25 -0700] "POST /rawport.php HTTP/1.1" 200 1259 "http://45.79.163.192/rawport.php" "Mozilla/5.0 (Windows NT 6.3) AppleWebKit/537.36 (KHTML, like Gecko) Chrome/47.0.2526.106 Safari/537.36"
45.79.163.192 - - [14/Jan/2016:23:42:31 -0700] "\tGET / HTTP/1.1" 400 483 "-" "-"
184.70.186.6 - - [14/Jan/2016:23:42:31 -0700] "POST /rawport.php HTTP/1.1" 200 1264 "http://45.79.163.192/rawport.php" "Mozilla/5.0 (Windows NT 6.3) AppleWebKit/537.36 (KHTML, like Gecko) Chrome/47.0.2526.106 Safari/537.36"
45.79.163.192 - - [14/Jan/2016:23:45:14 -0700] "GET /protected/ HTTP/1.1" 404 442 "-" "-"
184.70.186.6 - - [14/Jan/2016:23:45:14 -0700] "POST /rawport.php HTTP/1.1" 200 1258 "http://45.79.163.192/rawport.php" "Mozilla/5.0 (Windows NT 6.3) AppleWebKit/537.36 (KHTML, like Gecko) Chrome/47.0.2526.106 Safari/537.36"
45.79.163.192 - - [14/Jan/2016:23:45:24 -0700] "GET /Forms/ HTTP/1.1" 401 669 "-" "-"
184.70.186.6 - - [14/Jan/2016:23:45:24 -0700] "POST /rawport.php HTTP/1.1" 200 1391 "http://45.79.163.192/rawport.php" "Mozilla/5.0 (Windows NT 6.3) AppleWebKit/537.36 (KHTML, like Gecko) Chrome/47.0.2526.106 Safari/537.36"
45.79.163.192 - - [14/Jan/2016:23:50:44 -0700] "GET /Forms/ HTTP/1.1" 401 669 "-" "-"
184.70.186.6 - - [14/Jan/2016:23:50:44 -0700] "POST /rawport.php HTTP/1.1" 200 1394 "http://45.79.163.192/rawport.php" "Mozilla/5.0 (Windows NT 6.3) AppleWebKit/537.36 (KHTML, like Gecko) Chrome/47.0.2526.106 Safari/537.36"
45.79.163.192 - - [14/Jan/2016:23:51:37 -0700] "GET /nosuchfile.html HTTP/1.1" 404 447 "-" "-"
184.70.186.6 - - [14/Jan/2016:23:51:37 -0700] "POST /rawport.php HTTP/1.1" 200 1246 "http://45.79.163.192/rawport.php" "Mozilla/5.0 (Windows NT 6.3) AppleWebKit/537.36 (KHTML, like Gecko) Chrome/47.0.2526.106 Safari/537.36"
45.79.163.192 - - [14/Jan/2016:23:52:50 -0700] "GET /test.bmp HTTP/1.1" 200 231 "-" "-"
184.70.186.6 - - [14/Jan/2016:23:52:50 -0700] "POST /rawport.php HTTP/1.1" 200 1131 "http://45.79.163.192/rawport.php" "Mozilla/5.0 (Windows NT 6.3) AppleWebKit/537.36 (KHTML, like Gecko) Chrome/47.0.2526.106 Safari/537.36"
45.79.163.192 - - [14/Jan/2016:23:53:38 -0700] "HEAD index.php HTTP/1.1" 400 160 "-" "-"
184.70.186.6 - - [14/Jan/2016:23:53:38 -0700] "POST /rawport.php HTTP/1.1" 200 1084 "http://45.79.163.192/rawport.php" "Mozilla/5.0 (Windows NT 6.3) AppleWebKit/537.36 (KHTML, like Gecko) Chrome/47.0.2526.106 Safari/537.36"
45.79.163.192 - - [14/Jan/2016:23:53:51 -0700] "HEAD index.php HTTP/2.0" 400 160 "-" "-"
184.70.186.6 - - [14/Jan/2016:23:53:51 -0700] "POST /rawport.php HTTP/1.1" 200 1086 "http://45.79.163.192/rawport.php" "Mozilla/5.0 (Windows NT 6.3) AppleWebKit/537.36 (KHTML, like Gecko) Chrome/47.0.2526.106 Safari/537.36"
45.79.163.192 - - [14/Jan/2016:23:54:16 -0700] "\tGET / HTTP/1.1" 400 483 "-" "-"
184.70.186.6 - - [14/Jan/2016:23:54:16 -0700] "POST /rawport.php HTTP/1.1" 200 1266 "http://45.79.163.192/rawport.php" "Mozilla/5.0 (Windows NT 6.3) AppleWebKit/537.36 (KHTML, like Gecko) Chrome/47.0.2526.106 Safari/537.36"
184.70.186.6 - - [14/Jan/2016:23:58:52 -0700] "GET /setCookie.php HTTP/1.1" 200 515 "-" "Mozilla/5.0 (Windows NT 6.3) AppleWebKit/537.36 (KHTML, like Gecko) Chrome/47.0.2526.106 Safari/537.36"
184.70.186.6 - - [14/Jan/2016:23:59:00 -0700] "GET /debugCookie.php HTTP/1.1" 200 347 "-" "Mozilla/5.0 (Windows NT 6.3) AppleWebKit/537.36 (KHTML, like Gecko) Chrome/47.0.2526.106 Safari/537.36"
184.70.186.6 - - [14/Jan/2016:23:59:08 -0700] "GET /deleteCookie.php HTTP/1.1" 200 426 "-" "Mozilla/5.0 (Windows NT 6.3) AppleWebKit/537.36 (KHTML, like Gecko) Chrome/47.0.2526.106 Safari/537.36"
184.70.186.6 - - [14/Jan/2016:23:59:20 -0700] "GET /setCookie.php HTTP/1.1" 200 515 "-" "Mozilla/5.0 (Windows NT 6.3) AppleWebKit/537.36 (KHTML, like Gecko) Chrome/47.0.2526.106 Safari/537.36"
184.70.186.6 - - [14/Jan/2016:23:59:26 -0700] "GET /debugCookie.php HTTP/1.1" 200 347 "-" "Mozilla/5.0 (Windows NT 6.3) AppleWebKit/537.36 (KHTML, like Gecko) Chrome/47.0.2526.106 Safari/537.36"
45.79.163.192 - - [14/Jan/2016:23:59:56 -0700] "\tHEAD / HTTP/1.1" 400 483 "-" "-"
184.70.186.6 - - [14/Jan/2016:23:59:56 -0700] "POST /rawport.php HTTP/1.1" 200 1267 "http://45.79.163.192/rawport.php" "Mozilla/5.0 (Windows NT 6.3) AppleWebKit/537.36 (KHTML, like Gecko) Chrome/47.0.2526.106 Safari/537.36"
45.79.163.192 - - [15/Jan/2016:00:00:07 -0700] "\tHEAD / HTTP/1.1" 400 483 "-" "-"
184.70.186.6 - - [15/Jan/2016:00:00:07 -0700] "POST /rawport.php HTTP/1.1" 200 1256 "http://45.79.163.192/rawport.php" "Mozilla/5.0 (Windows NT 6.3) AppleWebKit/537.36 (KHTML, like Gecko) Chrome/47.0.2526.106 Safari/537.36"
45.79.163.192 - - [15/Jan/2016:00:00:16 -0700] "\tHEAD / " 400 483 "-" "-"
184.70.186.6 - - [15/Jan/2016:00:00:16 -0700] "POST /rawport.php HTTP/1.1" 200 1253 "http://45.79.163.192/rawport.php" "Mozilla/5.0 (Windows NT 6.3) AppleWebKit/537.36 (KHTML, like Gecko) Chrome/47.0.2526.106 Safari/537.36"
45.79.163.192 - - [15/Jan/2016:00:00:36 -0700] "\tHEAD /setCookie.php HTTP/1.1 " 400 483 "-" "-"
184.70.186.6 - - [15/Jan/2016:00:00:36 -0700] "POST /rawport.php HTTP/1.1" 200 1264 "http://45.79.163.192/rawport.php" "Mozilla/5.0 (Windows NT 6.3) AppleWebKit/537.36 (KHTML, like Gecko) Chrome/47.0.2526.106 Safari/537.36"
45.79.163.192 - - [15/Jan/2016:00:01:22 -0700] "\tHEAD /setCookie.php HTTP/1.1 " 400 483 "-" "-"
184.70.186.6 - - [15/Jan/2016:00:01:22 -0700] "POST /rawport.php HTTP/1.1" 200 1261 "http://45.79.163.192/rawport.php" "Mozilla/5.0 (Windows NT 6.3) AppleWebKit/537.36 (KHTML, like Gecko) Chrome/47.0.2526.106 Safari/537.36"
45.79.163.192 - - [15/Jan/2016:00:01:31 -0700] "\tHEAD ./setCookie.php HTTP/1.1 " 400 483 "-" "-"
184.70.186.6 - - [15/Jan/2016:00:01:31 -0700] "POST /rawport.php HTTP/1.1" 200 1262 "http://45.79.163.192/rawport.php" "Mozilla/5.0 (Windows NT 6.3) AppleWebKit/537.36 (KHTML, like Gecko) Chrome/47.0.2526.106 Safari/537.36"
45.79.163.192 - - [15/Jan/2016:00:03:30 -0700] "\tHEAD ./test.php HTTP/1.1 " 400 483 "-" "-"
184.70.186.6 - - [15/Jan/2016:00:03:30 -0700] "POST /rawport.php HTTP/1.1" 200 1257 "http://45.79.163.192/rawport.php" "Mozilla/5.0 (Windows NT 6.3) AppleWebKit/537.36 (KHTML, like Gecko) Chrome/47.0.2526.106 Safari/537.36"
45.79.163.192 - - [15/Jan/2016:00:03:34 -0700] "\tHEAD ./test.php HTTP/1.1 " 400 483 "-" "-"
184.70.186.6 - - [15/Jan/2016:00:03:34 -0700] "POST /rawport.php HTTP/1.1" 200 1256 "http://45.79.163.192/rawport.php" "Mozilla/5.0 (Windows NT 6.3) AppleWebKit/537.36 (KHTML, like Gecko) Chrome/47.0.2526.106 Safari/537.36"
45.79.163.192 - - [15/Jan/2016:00:03:41 -0700] "\tHEAD ./test.php HTTP/1.1 " 400 483 "-" "-"
184.70.186.6 - - [15/Jan/2016:00:03:41 -0700] "POST /rawport.php HTTP/1.1" 200 1261 "http://45.79.163.192/rawport.php" "Mozilla/5.0 (Windows NT 6.3) AppleWebKit/537.36 (KHTML, like Gecko) Chrome/47.0.2526.106 Safari/537.36"
195.252.51.30 - - [15/Jan/2016:00:20:14 -0700] "GET //wp-login.php HTTP/1.1" 404 467 "-" "Mozilla/5.0 (X11; U; Linux i686; pt-BR; rv:1.9.0.15) Gecko/2009102815 Ubuntu/9.04 (jaunty) Firefox/3.0.15"
195.252.51.30 - - [15/Jan/2016:00:20:14 -0700] "GET /blog//wp-login.php HTTP/1.1" 404 473 "-" "Mozilla/5.0 (X11; U; Linux i686; pt-BR; rv:1.9.0.15) Gecko/2009102815 Ubuntu/9.04 (jaunty) Firefox/3.0.15"
195.252.51.30 - - [15/Jan/2016:00:20:15 -0700] "GET /wordpress//wp-login.php HTTP/1.1" 404 478 "-" "Mozilla/5.0 (X11; U; Linux i686; pt-BR; rv:1.9.0.15) Gecko/2009102815 Ubuntu/9.04 (jaunty) Firefox/3.0.15"
195.252.51.30 - - [15/Jan/2016:00:20:15 -0700] "GET /wp//wp-login.php HTTP/1.1" 404 471 "-" "Mozilla/5.0 (X11; U; Linux i686; pt-BR; rv:1.9.0.15) Gecko/2009102815 Ubuntu/9.04 (jaunty) Firefox/3.0.15"
61.160.213.32 - - [15/Jan/2016:00:59:06 -0700] "GET http://zc.qq.com/cgi-bin/chs/numreg/init? HTTP/1.0" 404 474 "-" "-"
61.160.213.247 - - [15/Jan/2016:01:12:50 -0700] "GET http://zc.qq.com/cgi-bin/chs/numreg/init? HTTP/1.0" 404 474 "-" "-"
61.160.213.32 - - [15/Jan/2016:01:26:24 -0700] "GET http://zc.qq.com/cgi-bin/chs/numreg/init? HTTP/1.0" 404 474 "-" "-"
61.160.213.32 - - [15/Jan/2016:01:40:05 -0700] "GET http://zc.qq.com/cgi-bin/chs/numreg/init? HTTP/1.0" 404 474 "-" "-"
61.160.213.32 - - [15/Jan/2016:01:53:37 -0700] "GET http://zc.qq.com/cgi-bin/chs/numreg/init? HTTP/1.0" 404 474 "-" "-"
61.160.213.247 - - [15/Jan/2016:01:53:55 -0700] "GET http://zc.qq.com/cgi-bin/chs/numreg/init? HTTP/1.0" 404 474 "-" "-"
61.160.213.55 - - [15/Jan/2016:02:07:25 -0700] "GET http://zc.qq.com/cgi-bin/chs/numreg/init? HTTP/1.0" 404 474 "-" "-"
61.160.213.247 - - [15/Jan/2016:02:21:14 -0700] "GET http://zc.qq.com/cgi-bin/chs/numreg/init? HTTP/1.0" 404 474 "-" "-"
61.160.213.32 - - [15/Jan/2016:02:34:50 -0700] "GET http://zc.qq.com/cgi-bin/chs/numreg/init? HTTP/1.0" 404 474 "-" "-"
185.130.5.235 - - [15/Jan/2016:02:39:06 -0700] "GET /muieblackcat HTTP/1.1" 404 467 "-" "-"
185.130.5.235 - - [15/Jan/2016:02:39:07 -0700] "GET //phpMyAdmin/scripts/setup.php HTTP/1.1" 404 483 "-" "-"
185.130.5.235 - - [15/Jan/2016:02:39:07 -0700] "GET //phpmyadmin/scripts/setup.php HTTP/1.1" 404 483 "-" "-"
185.130.5.235 - - [15/Jan/2016:02:39:07 -0700] "GET //pma/scripts/setup.php HTTP/1.1" 404 476 "-" "-"
185.130.5.235 - - [15/Jan/2016:02:39:08 -0700] "GET //myadmin/scripts/setup.php HTTP/1.1" 404 480 "-" "-"
185.130.5.235 - - [15/Jan/2016:02:39:08 -0700] "GET //MyAdmin/scripts/setup.php HTTP/1.1" 404 480 "-" "-"
61.160.213.247 - - [15/Jan/2016:03:02:02 -0700] "GET http://zc.qq.com/cgi-bin/chs/numreg/init? HTTP/1.0" 404 474 "-" "-"
61.160.213.32 - - [15/Jan/2016:03:15:58 -0700] "GET http://zc.qq.com/cgi-bin/chs/numreg/init? HTTP/1.0" 404 474 "-" "-"
203.162.15.233 - - [15/Jan/2016:03:32:32 -0700] "POST /cgi-bin/php?%2D%64+%61%6C%6C%6F%77%5F%75%72%6C%5F%69%6E%63%6C%75%64%65%3D%6F%6E+%2D%64+%73%61%66%65%5F%6D%6F%64%65%3D%6F%66%66+%2D%64+%73%75%68%6F%73%69%6E%2E%73%69%6D%75%6C%61%74%69%6F%6E%3D%6F%6E+%2D%64+%64%69%73%61%62%6C%65%5F%66%75%6E%63%74%69%6F%6E%73%3D%22%22+%2D%64+%6F%70%65%6E%5F%62%61%73%65%64%69%72%3D%6E%6F%6E%65+%2D%64+%61%75%74%6F%5F%70%72%65%70%65%6E%64%5F%66%69%6C%65%3D%70%68%70%3A%2F%2F%69%6E%70%75%74+%2D%64+%63%67%69%2E%66%6F%72%63%65%5F%72%65%64%69%72%65%63%74%3D%30+%2D%64+%63%67%69%2E%72%65%64%69%72%65%63%74%5F%73%74%61%74%75%73%5F%65%6E%76%3D%30+%2D%6E HTTP/1.1" 404 466 "-" "Mozilla/5.0 (iPad; CPU OS 6_0 like Mac OS X) AppleWebKit/536.26(KHTML, like Gecko) Version/6.0 Mobile/10A5355d Safari/8536.25"
203.162.15.233 - - [15/Jan/2016:03:32:33 -0700] "POST /cgi-bin/php5?%2D%64+%61%6C%6C%6F%77%5F%75%72%6C%5F%69%6E%63%6C%75%64%65%3D%6F%6E+%2D%64+%73%61%66%65%5F%6D%6F%64%65%3D%6F%66%66+%2D%64+%73%75%68%6F%73%69%6E%2E%73%69%6D%75%6C%61%74%69%6F%6E%3D%6F%6E+%2D%64+%64%69%73%61%62%6C%65%5F%66%75%6E%63%74%69%6F%6E%73%3D%22%22+%2D%64+%6F%70%65%6E%5F%62%61%73%65%64%69%72%3D%6E%6F%6E%65+%2D%64+%61%75%74%6F%5F%70%72%65%70%65%6E%64%5F%66%69%6C%65%3D%70%68%70%3A%2F%2F%69%6E%70%75%74+%2D%64+%63%67%69%2E%66%6F%72%63%65%5F%72%65%64%69%72%65%63%74%3D%30+%2D%64+%63%67%69%2E%72%65%64%69%72%65%63%74%5F%73%74%61%74%75%73%5F%65%6E%76%3D%30+%2D%6E HTTP/1.1" 404 467 "-" "Mozilla/5.0 (iPad; CPU OS 6_0 like Mac OS X) AppleWebKit/536.26(KHTML, like Gecko) Version/6.0 Mobile/10A5355d Safari/8536.25"
203.162.15.233 - - [15/Jan/2016:03:32:34 -0700] "POST /cgi-bin/php-cgi?%2D%64+%61%6C%6C%6F%77%5F%75%72%6C%5F%69%6E%63%6C%75%64%65%3D%6F%6E+%2D%64+%73%61%66%65%5F%6D%6F%64%65%3D%6F%66%66+%2D%64+%73%75%68%6F%73%69%6E%2E%73%69%6D%75%6C%61%74%69%6F%6E%3D%6F%6E+%2D%64+%64%69%73%61%62%6C%65%5F%66%75%6E%63%74%69%6F%6E%73%3D%22%22+%2D%64+%6F%70%65%6E%5F%62%61%73%65%64%69%72%3D%6E%6F%6E%65+%2D%64+%61%75%74%6F%5F%70%72%65%70%65%6E%64%5F%66%69%6C%65%3D%70%68%70%3A%2F%2F%69%6E%70%75%74+%2D%64+%63%67%69%2E%66%6F%72%63%65%5F%72%65%64%69%72%65%63%74%3D%30+%2D%64+%63%67%69%2E%72%65%64%69%72%65%63%74%5F%73%74%61%74%75%73%5F%65%6E%76%3D%30+%2D%6E HTTP/1.1" 404 470 "-" "Mozilla/5.0 (iPad; CPU OS 6_0 like Mac OS X) AppleWebKit/536.26(KHTML, like Gecko) Version/6.0 Mobile/10A5355d Safari/8536.25"
203.162.15.233 - - [15/Jan/2016:03:32:34 -0700] "POST /cgi-bin/php.cgi?%2D%64+%61%6C%6C%6F%77%5F%75%72%6C%5F%69%6E%63%6C%75%64%65%3D%6F%6E+%2D%64+%73%61%66%65%5F%6D%6F%64%65%3D%6F%66%66+%2D%64+%73%75%68%6F%73%69%6E%2E%73%69%6D%75%6C%61%74%69%6F%6E%3D%6F%6E+%2D%64+%64%69%73%61%62%6C%65%5F%66%75%6E%63%74%69%6F%6E%73%3D%22%22+%2D%64+%6F%70%65%6E%5F%62%61%73%65%64%69%72%3D%6E%6F%6E%65+%2D%64+%61%75%74%6F%5F%70%72%65%70%65%6E%64%5F%66%69%6C%65%3D%70%68%70%3A%2F%2F%69%6E%70%75%74+%2D%64+%63%67%69%2E%66%6F%72%63%65%5F%72%65%64%69%72%65%63%74%3D%30+%2D%64+%63%67%69%2E%72%65%64%69%72%65%63%74%5F%73%74%61%74%75%73%5F%65%6E%76%3D%30+%2D%6E HTTP/1.1" 404 470 "-" "Mozilla/5.0 (iPad; CPU OS 6_0 like Mac OS X) AppleWebKit/536.26(KHTML, like Gecko) Version/6.0 Mobile/10A5355d Safari/8536.25"
203.162.15.233 - - [15/Jan/2016:03:32:35 -0700] "POST /cgi-bin/php4?%2D%64+%61%6C%6C%6F%77%5F%75%72%6C%5F%69%6E%63%6C%75%64%65%3D%6F%6E+%2D%64+%73%61%66%65%5F%6D%6F%64%65%3D%6F%66%66+%2D%64+%73%75%68%6F%73%69%6E%2E%73%69%6D%75%6C%61%74%69%6F%6E%3D%6F%6E+%2D%64+%64%69%73%61%62%6C%65%5F%66%75%6E%63%74%69%6F%6E%73%3D%22%22+%2D%64+%6F%70%65%6E%5F%62%61%73%65%64%69%72%3D%6E%6F%6E%65+%2D%64+%61%75%74%6F%5F%70%72%65%70%65%6E%64%5F%66%69%6C%65%3D%70%68%70%3A%2F%2F%69%6E%70%75%74+%2D%64+%63%67%69%2E%66%6F%72%63%65%5F%72%65%64%69%72%65%63%74%3D%30+%2D%64+%63%67%69%2E%72%65%64%69%72%65%63%74%5F%73%74%61%74%75%73%5F%65%6E%76%3D%30+%2D%6E HTTP/1.1" 404 467 "-" "Mozilla/5.0 (iPad; CPU OS 6_0 like Mac OS X) AppleWebKit/536.26(KHTML, like Gecko) Version/6.0 Mobile/10A5355d Safari/8536.25"
61.160.213.32 - - [15/Jan/2016:03:42:47 -0700] "GET http://zc.qq.com/cgi-bin/chs/numreg/init? HTTP/1.0" 404 474 "-" "-"
61.160.213.55 - - [15/Jan/2016:03:56:33 -0700] "GET http://zc.qq.com/cgi-bin/chs/numreg/init? HTTP/1.0" 404 474 "-" "-"
61.160.213.55 - - [15/Jan/2016:04:23:46 -0700] "GET http://zc.qq.com/cgi-bin/chs/numreg/init? HTTP/1.0" 404 474 "-" "-"
61.160.213.32 - - [15/Jan/2016:04:50:56 -0700] "GET http://zc.qq.com/cgi-bin/chs/numreg/init? HTTP/1.0" 404 474 "-" "-"
61.160.213.55 - - [15/Jan/2016:05:04:34 -0700] "GET http://zc.qq.com/cgi-bin/chs/numreg/init? HTTP/1.0" 404 474 "-" "-"
61.160.213.32 - - [15/Jan/2016:05:05:10 -0700] "GET http://zc.qq.com/cgi-bin/chs/numreg/init? HTTP/1.0" 404 474 "-" "-"
61.160.213.32 - - [15/Jan/2016:05:31:52 -0700] "GET http://zc.qq.com/cgi-bin/chs/numreg/init? HTTP/1.0" 404 474 "-" "-"
61.160.213.247 - - [15/Jan/2016:05:45:36 -0700] "GET http://zc.qq.com/cgi-bin/chs/numreg/init? HTTP/1.0" 404 474 "-" "-"
61.160.213.32 - - [15/Jan/2016:05:59:13 -0700] "GET http://zc.qq.com/cgi-bin/chs/numreg/init? HTTP/1.0" 404 474 "-" "-"
61.160.213.32 - - [15/Jan/2016:06:26:27 -0700] "GET http://zc.qq.com/cgi-bin/chs/numreg/init? HTTP/1.0" 404 474 "-" "-"
61.160.213.55 - - [15/Jan/2016:06:40:15 -0700] "GET http://zc.qq.com/cgi-bin/chs/numreg/init? HTTP/1.0" 404 474 "-" "-"
61.160.213.32 - - [15/Jan/2016:07:20:53 -0700] "GET http://zc.qq.com/cgi-bin/chs/numreg/init? HTTP/1.0" 404 474 "-" "-"
61.160.213.32 - - [15/Jan/2016:07:34:30 -0700] "GET http://zc.qq.com/cgi-bin/chs/numreg/init? HTTP/1.0" 404 474 "-" "-"
61.160.213.247 - - [15/Jan/2016:07:48:19 -0700] "GET http://zc.qq.com/cgi-bin/chs/numreg/init? HTTP/1.0" 404 474 "-" "-"
61.160.213.247 - - [15/Jan/2016:08:01:55 -0700] "GET http://zc.qq.com/cgi-bin/chs/numreg/init? HTTP/1.0" 404 474 "-" "-"
61.160.213.247 - - [15/Jan/2016:08:15:45 -0700] "GET http://zc.qq.com/cgi-bin/chs/numreg/init? HTTP/1.0" 404 474 "-" "-"
61.160.213.55 - - [15/Jan/2016:08:29:03 -0700] "GET http://zc.qq.com/cgi-bin/chs/numreg/init? HTTP/1.0" 404 474 "-" "-"
61.160.213.32 - - [15/Jan/2016:08:42:43 -0700] "GET http://zc.qq.com/cgi-bin/chs/numreg/init? HTTP/1.0" 404 474 "-" "-"
61.160.213.32 - - [15/Jan/2016:08:56:21 -0700] "GET http://zc.qq.com/cgi-bin/chs/numreg/init? HTTP/1.0" 404 474 "-" "-"
61.160.213.32 - - [15/Jan/2016:09:23:51 -0700] "GET http://zc.qq.com/cgi-bin/chs/numreg/init? HTTP/1.0" 404 474 "-" "-"
61.160.213.247 - - [15/Jan/2016:09:37:24 -0700] "GET http://zc.qq.com/cgi-bin/chs/numreg/init? HTTP/1.0" 404 474 "-" "-"
61.160.213.55 - - [15/Jan/2016:09:50:52 -0700] "GET http://zc.qq.com/cgi-bin/chs/numreg/init? HTTP/1.0" 404 474 "-" "-"
61.160.213.247 - - [15/Jan/2016:10:04:31 -0700] "GET http://zc.qq.com/cgi-bin/chs/numreg/init? HTTP/1.0" 404 474 "-" "-"
61.160.213.55 - - [15/Jan/2016:10:18:08 -0700] "GET http://zc.qq.com/cgi-bin/chs/numreg/init? HTTP/1.0" 404 474 "-" "-"
61.160.213.55 - - [15/Jan/2016:10:18:19 -0700] "GET http://zc.qq.com/cgi-bin/chs/numreg/init? HTTP/1.0" 404 474 "-" "-"
61.160.213.55 - - [15/Jan/2016:10:32:02 -0700] "GET http://zc.qq.com/cgi-bin/chs/numreg/init? HTTP/1.0" 404 474 "-" "-"
61.160.213.55 - - [15/Jan/2016:10:45:32 -0700] "GET http://zc.qq.com/cgi-bin/chs/numreg/init? HTTP/1.0" 404 474 "-" "-"
61.160.213.247 - - [15/Jan/2016:10:59:07 -0700] "GET http://zc.qq.com/cgi-bin/chs/numreg/init? HTTP/1.0" 404 474 "-" "-"
61.160.213.55 - - [15/Jan/2016:11:12:34 -0700] "GET http://zc.qq.com/cgi-bin/chs/numreg/init? HTTP/1.0" 404 474 "-" "-"
61.160.213.55 - - [15/Jan/2016:11:26:25 -0700] "GET http://zc.qq.com/cgi-bin/chs/numreg/init? HTTP/1.0" 404 474 "-" "-"
61.160.213.247 - - [15/Jan/2016:11:39:55 -0700] "GET http://zc.qq.com/cgi-bin/chs/numreg/init? HTTP/1.0" 404 474 "-" "-"
80.241.222.98 - - [15/Jan/2016:11:51:21 -0700] "GET / HTTP/1.0" 200 833 "-" "masscan/1.0 (https://github.com/robertdavidgraham/masscan)"
61.160.213.32 - - [15/Jan/2016:11:53:25 -0700] "GET http://zc.qq.com/cgi-bin/chs/numreg/init? HTTP/1.0" 404 474 "-" "-"
61.160.213.55 - - [15/Jan/2016:12:07:13 -0700] "GET http://zc.qq.com/cgi-bin/chs/numreg/init? HTTP/1.0" 404 474 "-" "-"
61.160.213.32 - - [15/Jan/2016:12:20:46 -0700] "GET http://zc.qq.com/cgi-bin/chs/numreg/init? HTTP/1.0" 404 474 "-" "-"
2604:a880:800:10::fd:9001 - - [15/Jan/2016:12:30:26 -0700] "GET / HTTP/1.1" 200 814 "-" "-"
2604:a880:800:10::fd:9001 - - [15/Jan/2016:12:30:26 -0700] "GET /robots.txt HTTP/1.1" 404 462 "-" "-"
2604:a880:800:10::fd:9001 - - [15/Jan/2016:12:30:26 -0700] "GET / HTTP/1.1" 200 2562 "-" "-"
2604:a880:800:10::fd:9001 - - [15/Jan/2016:12:30:27 -0700] "GET /robots.txt HTTP/1.1" 404 2211 "-" "-"
2604:a880:800:10::fd:9001 - - [15/Jan/2016:12:30:27 -0700] "GET /sitemap.xml HTTP/1.1" 404 2212 "-" "-"
2604:a880:800:10::fd:9001 - - [15/Jan/2016:12:30:27 -0700] "GET /sitemap.xml HTTP/1.1" 404 463 "-" "-"
2604:a880:800:10::fd:9001 - - [15/Jan/2016:12:30:31 -0700] "quit" 501 1814 "-" "-"
61.160.213.247 - - [15/Jan/2016:13:01:37 -0700] "GET http://zc.qq.com/cgi-bin/chs/numreg/init? HTTP/1.0" 404 474 "-" "-"
61.160.213.32 - - [15/Jan/2016:13:15:14 -0700] "GET http://zc.qq.com/cgi-bin/chs/numreg/init? HTTP/1.0" 404 474 "-" "-"
61.160.213.32 - - [15/Jan/2016:13:28:41 -0700] "GET http://zc.qq.com/cgi-bin/chs/numreg/init? HTTP/1.0" 404 474 "-" "-"
61.160.213.32 - - [15/Jan/2016:14:09:51 -0700] "GET http://zc.qq.com/cgi-bin/chs/numreg/init? HTTP/1.0" 404 474 "-" "-"
61.160.213.55 - - [15/Jan/2016:14:37:09 -0700] "GET http://zc.qq.com/cgi-bin/chs/numreg/init? HTTP/1.0" 404 474 "-" "-"
61.160.213.55 - - [15/Jan/2016:14:51:24 -0700] "GET http://zc.qq.com/cgi-bin/chs/numreg/init? HTTP/1.0" 404 474 "-" "-"
61.160.213.32 - - [15/Jan/2016:15:04:04 -0700] "GET http://zc.qq.com/cgi-bin/chs/numreg/init? HTTP/1.0" 404 474 "-" "-"
61.160.213.247 - - [15/Jan/2016:15:17:43 -0700] "GET http://zc.qq.com/cgi-bin/chs/numreg/init? HTTP/1.0" 404 474 "-" "-"
61.160.213.247 - - [15/Jan/2016:15:31:33 -0700] "GET http://zc.qq.com/cgi-bin/chs/numreg/init? HTTP/1.0" 404 474 "-" "-"
61.160.213.32 - - [15/Jan/2016:15:58:40 -0700] "GET http://zc.qq.com/cgi-bin/chs/numreg/init? HTTP/1.0" 404 474 "-" "-"
141.212.122.177 - - [15/Jan/2016:16:25:28 -0700] "GET / HTTP/1.1" 200 814 "-" "Mozilla/5.0 zgrab/0.x"
61.160.213.32 - - [15/Jan/2016:16:25:52 -0700] "GET http://zc.qq.com/cgi-bin/chs/numreg/init? HTTP/1.0" 404 474 "-" "-"
61.160.213.32 - - [15/Jan/2016:16:39:26 -0700] "GET http://zc.qq.com/cgi-bin/chs/numreg/init? HTTP/1.0" 404 474 "-" "-"
61.160.213.32 - - [15/Jan/2016:16:53:04 -0700] "GET http://zc.qq.com/cgi-bin/chs/numreg/init? HTTP/1.0" 404 474 "-" "-"
61.160.213.55 - - [15/Jan/2016:17:06:35 -0700] "GET http://zc.qq.com/cgi-bin/chs/numreg/init? HTTP/1.0" 404 474 "-" "-"
61.160.213.55 - - [15/Jan/2016:17:20:19 -0700] "GET http://zc.qq.com/cgi-bin/chs/numreg/init? HTTP/1.0" 404 474 "-" "-"
61.160.213.32 - - [15/Jan/2016:17:34:12 -0700] "GET http://zc.qq.com/cgi-bin/chs/numreg/init? HTTP/1.0" 404 474 "-" "-"
61.160.213.55 - - [15/Jan/2016:17:47:18 -0700] "GET http://zc.qq.com/cgi-bin/chs/numreg/init? HTTP/1.0" 404 474 "-" "-"
61.160.213.32 - - [15/Jan/2016:18:01:06 -0700] "GET http://zc.qq.com/cgi-bin/chs/numreg/init? HTTP/1.0" 404 474 "-" "-"
199.115.117.118 - - [15/Jan/2016:18:06:25 -0700] "GET /themes/elastixneo/ie.css HTTP/1.1" 404 2265 "-" "python-requests/2.8.0"
184.70.186.6 - - [15/Jan/2016:18:13:32 -0700] "GET /rawport.php HTTP/1.1" 200 850 "-" "Mozilla/5.0 (Windows NT 6.3) AppleWebKit/537.36 (KHTML, like Gecko) Chrome/47.0.2526.111 Safari/537.36"
184.70.186.6 - - [15/Jan/2016:18:13:32 -0700] "GET /favicon.ico HTTP/1.1" 404 502 "http://45.79.163.192/rawport.php" "Mozilla/5.0 (Windows NT 6.3) AppleWebKit/537.36 (KHTML, like Gecko) Chrome/47.0.2526.111 Safari/537.36"
::1 - - [15/Jan/2016:18:14:48 -0700] "\tGET / HTTP/1.1" 400 483 "-" "-"
184.70.186.6 - - [15/Jan/2016:18:14:48 -0700] "POST /rawport.php HTTP/1.1" 200 1249 "http://45.79.163.192/rawport.php" "Mozilla/5.0 (Windows NT 6.3) AppleWebKit/537.36 (KHTML, like Gecko) Chrome/47.0.2526.111 Safari/537.36"
61.160.213.55 - - [15/Jan/2016:18:14:49 -0700] "GET http://zc.qq.com/cgi-bin/chs/numreg/init? HTTP/1.0" 404 474 "-" "-"
::1 - - [15/Jan/2016:18:15:02 -0700] "\tGET /RAWPORT.PHP HTTP/1.1" 400 483 "-" "-"
184.70.186.6 - - [15/Jan/2016:18:15:02 -0700] "POST /rawport.php HTTP/1.1" 200 1260 "http://45.79.163.192/rawport.php" "Mozilla/5.0 (Windows NT 6.3) AppleWebKit/537.36 (KHTML, like Gecko) Chrome/47.0.2526.111 Safari/537.36"
::1 - - [15/Jan/2016:18:15:19 -0700] "\tGET /rawport.php HTTP/1.1" 400 483 "-" "-"
184.70.186.6 - - [15/Jan/2016:18:15:19 -0700] "POST /rawport.php HTTP/1.1" 200 1252 "http://45.79.163.192/rawport.php" "Mozilla/5.0 (Windows NT 6.3) AppleWebKit/537.36 (KHTML, like Gecko) Chrome/47.0.2526.111 Safari/537.36"
::1 - - [15/Jan/2016:18:15:25 -0700] "\tGET /rawport.php " 400 483 "-" "-"
184.70.186.6 - - [15/Jan/2016:18:15:25 -0700] "POST /rawport.php HTTP/1.1" 200 1250 "http://45.79.163.192/rawport.php" "Mozilla/5.0 (Windows NT 6.3) AppleWebKit/537.36 (KHTML, like Gecko) Chrome/47.0.2526.111 Safari/537.36"
::1 - - [15/Jan/2016:18:15:30 -0700] "GET /rawport.php " 200 1019 "-" "-"
184.70.186.6 - - [15/Jan/2016:18:15:30 -0700] "POST /rawport.php HTTP/1.1" 200 1238 "http://45.79.163.192/rawport.php" "Mozilla/5.0 (Windows NT 6.3) AppleWebKit/537.36 (KHTML, like Gecko) Chrome/47.0.2526.111 Safari/537.36"
::1 - - [15/Jan/2016:18:15:44 -0700] "GET /" 200 563 "-" "-"
184.70.186.6 - - [15/Jan/2016:18:15:44 -0700] "POST /rawport.php HTTP/1.1" 200 1274 "http://45.79.163.192/rawport.php" "Mozilla/5.0 (Windows NT 6.3) AppleWebKit/537.36 (KHTML, like Gecko) Chrome/47.0.2526.111 Safari/537.36"
::1 - - [15/Jan/2016:18:19:22 -0700] "-" 408 0 "-" "-"
184.70.186.6 - - [15/Jan/2016:18:14:22 -0700] "POST /rawport.php HTTP/1.1" 200 940 "http://45.79.163.192/rawport.php" "Mozilla/5.0 (Windows NT 6.3) AppleWebKit/537.36 (KHTML, like Gecko) Chrome/47.0.2526.111 Safari/537.36"
::1 - - [15/Jan/2016:18:27:47 -0700] "GET / HTTP/1.1" 200 814 "-" "-"
184.70.186.6 - - [15/Jan/2016:18:27:47 -0700] "POST /rawport.php HTTP/1.1" 200 1465 "http://45.79.163.192/rawport.php" "Mozilla/5.0 (Windows NT 6.3) AppleWebKit/537.36 (KHTML, like Gecko) Chrome/47.0.2526.111 Safari/537.36"
61.160.213.247 - - [15/Jan/2016:18:28:23 -0700] "GET http://zc.qq.com/cgi-bin/chs/numreg/init? HTTP/1.0" 404 474 "-" "-"
198.20.69.76 - - [15/Jan/2016:18:29:54 -0700] "GET / HTTP/1.1" 200 814 "-" "-"
198.20.69.76 - - [15/Jan/2016:18:29:54 -0700] "GET /robots.txt HTTP/1.1" 404 446 "-" "-"
198.20.69.76 - - [15/Jan/2016:18:29:54 -0700] "GET /sitemap.xml HTTP/1.1" 404 447 "-" "-"
::1 - - [15/Jan/2016:18:33:20 -0700] "GET /Test HTTP/1.1" 301 506 "-" "-"
184.70.186.6 - - [15/Jan/2016:18:33:20 -0700] "POST /rawport.php HTTP/1.1" 200 1248 "http://45.79.163.192/rawport.php" "Mozilla/5.0 (Windows NT 6.3) AppleWebKit/537.36 (KHTML, like Gecko) Chrome/47.0.2526.111 Safari/537.36"
::1 - - [15/Jan/2016:18:34:02 -0700] "GET /Test/ HTTP/1.1" 200 811 "-" "-"
184.70.186.6 - - [15/Jan/2016:18:34:02 -0700] "POST /rawport.php HTTP/1.1" 200 1462 "http://45.79.163.192/rawport.php" "Mozilla/5.0 (Windows NT 6.3) AppleWebKit/537.36 (KHTML, like Gecko) Chrome/47.0.2526.111 Safari/537.36"
184.70.186.6 - - [15/Jan/2016:18:34:54 -0700] "GET /Test HTTP/1.1" 301 574 "-" "Mozilla/5.0 (Windows NT 6.3) AppleWebKit/537.36 (KHTML, like Gecko) Chrome/47.0.2526.111 Safari/537.36"
184.70.186.6 - - [15/Jan/2016:18:34:54 -0700] "GET /Test/ HTTP/1.1" 200 685 "-" "Mozilla/5.0 (Windows NT 6.3) AppleWebKit/537.36 (KHTML, like Gecko) Chrome/47.0.2526.111 Safari/537.36"
184.70.186.6 - - [15/Jan/2016:18:34:54 -0700] "GET /Test/Task5.css HTTP/1.1" 404 505 "http://45.79.163.192/Test/" "Mozilla/5.0 (Windows NT 6.3) AppleWebKit/537.36 (KHTML, like Gecko) Chrome/47.0.2526.111 Safari/537.36"
184.70.186.6 - - [15/Jan/2016:18:35:43 -0700] "GET /test/ HTTP/1.1" 404 497 "-" "Mozilla/5.0 (Windows NT 6.3) AppleWebKit/537.36 (KHTML, like Gecko) Chrome/47.0.2526.111 Safari/537.36"
::1 - - [15/Jan/2016:18:35:51 -0700] "GET /test/ HTTP/1.1" 404 437 "-" "-"
184.70.186.6 - - [15/Jan/2016:18:35:51 -0700] "POST /rawport.php HTTP/1.1" 200 1225 "http://45.79.163.192/rawport.php" "Mozilla/5.0 (Windows NT 6.3) AppleWebKit/537.36 (KHTML, like Gecko) Chrome/47.0.2526.111 Safari/537.36"
::1 - - [15/Jan/2016:18:39:37 -0700] "GET /Forms/ HTTP/1.1" 401 669 "-" "-"
184.70.186.6 - - [15/Jan/2016:18:39:37 -0700] "POST /rawport.php HTTP/1.1" 200 1364 "http://45.79.163.192/rawport.php" "Mozilla/5.0 (Windows NT 6.3) AppleWebKit/537.36 (KHTML, like Gecko) Chrome/47.0.2526.111 Safari/537.36"
184.70.186.6 - - [15/Jan/2016:18:47:30 -0700] "GET /Forms HTTP/1.1" 401 729 "-" "Mozilla/5.0 (Windows NT 6.3) AppleWebKit/537.36 (KHTML, like Gecko) Chrome/47.0.2526.111 Safari/537.36"
184.70.186.6 - prof [15/Jan/2016:18:47:33 -0700] "GET /Forms HTTP/1.1" 500 799 "-" "Mozilla/5.0 (Windows NT 6.3) AppleWebKit/537.36 (KHTML, like Gecko) Chrome/47.0.2526.111 Safari/537.36"
184.70.186.6 - prof [15/Jan/2016:18:47:37 -0700] "GET /Forms HTTP/1.1" 500 799 "-" "Mozilla/5.0 (Windows NT 6.3) AppleWebKit/537.36 (KHTML, like Gecko) Chrome/47.0.2526.111 Safari/537.36"
184.70.186.6 - prof [15/Jan/2016:18:47:58 -0700] "GET /Forms/index.html HTTP/1.1" 500 799 "-" "Mozilla/5.0 (Windows NT 6.3) AppleWebKit/537.36 (KHTML, like Gecko) Chrome/47.0.2526.111 Safari/537.36"
61.160.213.247 - - [15/Jan/2016:18:55:34 -0700] "GET http://zc.qq.com/cgi-bin/chs/numreg/init? HTTP/1.0" 404 474 "-" "-"
::1 - - [15/Jan/2016:19:00:19 -0700] "GET /Forms/ HTTP/1.1" 401 669 "-" "-"
184.70.186.6 - prof [15/Jan/2016:19:00:19 -0700] "POST /rawport.php HTTP/1.1" 200 1363 "http://45.79.163.192/rawport.php" "Mozilla/5.0 (Windows NT 6.3) AppleWebKit/537.36 (KHTML, like Gecko) Chrome/47.0.2526.111 Safari/537.36"
::1 - - [15/Jan/2016:19:00:24 -0700] "GET /Forms/ HTTP/1.1" 401 669 "-" "-"
184.70.186.6 - prof [15/Jan/2016:19:00:24 -0700] "POST /rawport.php HTTP/1.1" 200 1363 "http://45.79.163.192/rawport.php" "Mozilla/5.0 (Windows NT 6.3) AppleWebKit/537.36 (KHTML, like Gecko) Chrome/47.0.2526.111 Safari/537.36"
::1 - - [15/Jan/2016:19:00:37 -0700] "GET /Forms/ HTTP/1.1" 401 669 "-" "-"
184.70.186.6 - prof [15/Jan/2016:19:00:37 -0700] "POST /rawport.php HTTP/1.1" 200 1363 "http://45.79.163.192/rawport.php" "Mozilla/5.0 (Windows NT 6.3) AppleWebKit/537.36 (KHTML, like Gecko) Chrome/47.0.2526.111 Safari/537.36"
::1 - - [15/Jan/2016:19:01:53 -0700] "GET /Forms/ HTTP/1.1" 401 669 "-" "-"
184.70.186.6 - prof [15/Jan/2016:19:01:53 -0700] "POST /rawport.php HTTP/1.1" 200 1376 "http://45.79.163.192/rawport.php" "Mozilla/5.0 (Windows NT 6.3) AppleWebKit/537.36 (KHTML, like Gecko) Chrome/47.0.2526.111 Safari/537.36"
::1 - - [15/Jan/2016:19:03:06 -0700] "GET /Forms/ HTTP/1.1" 401 669 "-" "-"
184.70.186.6 - prof [15/Jan/2016:19:03:06 -0700] "POST /rawport.php HTTP/1.1" 200 1388 "http://45.79.163.192/rawport.php" "Mozilla/5.0 (Windows NT 6.3) AppleWebKit/537.36 (KHTML, like Gecko) Chrome/47.0.2526.111 Safari/537.36"
::1 - - [15/Jan/2016:19:05:04 -0700] "GET /Forms/ HTTP/1.1" 401 669 "-" "-"
184.70.186.6 - prof [15/Jan/2016:19:05:04 -0700] "POST /rawport.php HTTP/1.1" 200 1388 "http://45.79.163.192/rawport.php" "Mozilla/5.0 (Windows NT 6.3) AppleWebKit/537.36 (KHTML, like Gecko) Chrome/47.0.2526.111 Safari/537.36"
184.70.186.6 - prof [15/Jan/2016:19:05:24 -0700] "GET /Forms/ HTTP/1.1" 401 729 "-" "Mozilla/5.0 (Windows NT 6.3) AppleWebKit/537.36 (KHTML, like Gecko) Chrome/47.0.2526.111 Safari/537.36"
184.70.186.6 - prof [15/Jan/2016:19:05:27 -0700] "GET /Forms/ HTTP/1.1" 401 728 "-" "Mozilla/5.0 (Windows NT 6.3) AppleWebKit/537.36 (KHTML, like Gecko) Chrome/47.0.2526.111 Safari/537.36"
184.70.186.6 - prof [15/Jan/2016:19:06:41 -0700] "GET /Forms/ HTTP/1.1" 401 729 "-" "Mozilla/5.0 (Windows NT 6.3) AppleWebKit/537.36 (KHTML, like Gecko) Chrome/47.0.2526.111 Safari/537.36"
184.70.186.6 - prof [15/Jan/2016:19:06:46 -0700] "GET /Forms/ HTTP/1.1" 401 729 "-" "Mozilla/5.0 (Windows NT 6.3) AppleWebKit/537.36 (KHTML, like Gecko) Chrome/47.0.2526.111 Safari/537.36"
184.70.186.6 - root [15/Jan/2016:19:06:51 -0700] "GET /Forms/ HTTP/1.1" 401 728 "-" "Mozilla/5.0 (Windows NT 6.3) AppleWebKit/537.36 (KHTML, like Gecko) Chrome/47.0.2526.111 Safari/537.36"
184.70.186.6 - prof [15/Jan/2016:19:08:36 -0700] "GET /Forms/ HTTP/1.1" 401 729 "-" "Mozilla/5.0 (Windows NT 6.3) AppleWebKit/537.36 (KHTML, like Gecko) Chrome/47.0.2526.111 Safari/537.36"
61.160.213.247 - - [15/Jan/2016:19:09:27 -0700] "GET http://zc.qq.com/cgi-bin/chs/numreg/init? HTTP/1.0" 404 474 "-" "-"
184.70.186.6 - - [15/Jan/2016:19:16:51 -0700] "GET /favicon.ico HTTP/1.1" 404 503 "http://45.79.163.192/Forms/index.html" "Mozilla/5.0 (Windows NT 6.3) AppleWebKit/537.36 (KHTML, like Gecko) Chrome/47.0.2526.111 Safari/537.36"
184.70.186.6 - - [15/Jan/2016:19:16:51 -0700] "GET /Forms/index.html HTTP/1.1" 200 682 "-" "Mozilla/5.0 (Windows NT 6.3) AppleWebKit/537.36 (KHTML, like Gecko) Chrome/47.0.2526.111 Safari/537.36"
184.70.186.6 - - [15/Jan/2016:19:16:51 -0700] "GET /Task5.css HTTP/1.1" 200 762 "http://45.79.163.192/Forms/index.html" "Mozilla/5.0 (Windows NT 6.3) AppleWebKit/537.36 (KHTML, like Gecko) Chrome/47.0.2526.111 Safari/537.36"
184.70.186.6 - - [15/Jan/2016:19:16:55 -0700] "GET /index.html HTTP/1.1" 200 685 "http://45.79.163.192/Forms/index.html" "Mozilla/5.0 (Windows NT 6.3) AppleWebKit/537.36 (KHTML, like Gecko) Chrome/47.0.2526.111 Safari/537.36"
184.70.186.6 - - [15/Jan/2016:19:17:05 -0700] "GET /Forms/ HTTP/1.1" 200 682 "-" "Mozilla/5.0 (Windows NT 6.3) AppleWebKit/537.36 (KHTML, like Gecko) Chrome/47.0.2526.111 Safari/537.36"
184.70.186.6 - - [15/Jan/2016:19:17:28 -0700] "GET /Forms HTTP/1.1" 301 576 "-" "Mozilla/5.0 (Windows NT 6.3) AppleWebKit/537.36 (KHTML, like Gecko) Chrome/47.0.2526.111 Safari/537.36"
184.70.186.6 - - [15/Jan/2016:19:17:54 -0700] "GET /Forms/ HTTP/1.1" 200 682 "-" "Mozilla/5.0 (Windows NT 6.3; Trident/7.0; rv:11.0) like Gecko"
184.70.186.6 - - [15/Jan/2016:19:17:54 -0700] "GET /Task5.css HTTP/1.1" 200 762 "http://45.79.163.192/Forms/" "Mozilla/5.0 (Windows NT 6.3; Trident/7.0; rv:11.0) like Gecko"
184.70.186.6 - - [15/Jan/2016:19:17:54 -0700] "GET /favicon.ico HTTP/1.1" 404 503 "-" "Mozilla/5.0 (Windows NT 6.3; Trident/7.0; rv:11.0) like Gecko"
184.70.186.6 - - [15/Jan/2016:19:18:49 -0700] "GET /Forms/ HTTP/1.1" 200 682 "-" "Mozilla/5.0 (Windows NT 6.3) AppleWebKit/537.36 (KHTML, like Gecko) Chrome/47.0.2526.111 Safari/537.36"
184.70.186.6 - - [15/Jan/2016:19:18:49 -0700] "GET /Task5.css HTTP/1.1" 200 762 "http://45.79.163.192/Forms/" "Mozilla/5.0 (Windows NT 6.3) AppleWebKit/537.36 (KHTML, like Gecko) Chrome/47.0.2526.111 Safari/537.36"
184.70.186.6 - - [15/Jan/2016:19:18:52 -0700] "GET /Forms/ HTTP/1.1" 200 681 "-" "Mozilla/5.0 (Windows NT 6.3) AppleWebKit/537.36 (KHTML, like Gecko) Chrome/47.0.2526.111 Safari/537.36"
184.70.186.6 - - [15/Jan/2016:19:18:53 -0700] "GET /Task5.css HTTP/1.1" 200 762 "http://45.79.163.192/Forms/" "Mozilla/5.0 (Windows NT 6.3) AppleWebKit/537.36 (KHTML, like Gecko) Chrome/47.0.2526.111 Safari/537.36"
184.70.186.6 - - [15/Jan/2016:19:18:53 -0700] "GET /favicon.ico HTTP/1.1" 404 502 "http://45.79.163.192/Forms/" "Mozilla/5.0 (Windows NT 6.3) AppleWebKit/537.36 (KHTML, like Gecko) Chrome/47.0.2526.111 Safari/537.36"
184.70.186.6 - - [15/Jan/2016:19:22:26 -0700] "GET /Forms/ HTTP/1.1" 404 498 "-" "Mozilla/5.0 (Windows NT 6.3) AppleWebKit/537.36 (KHTML, like Gecko) Chrome/47.0.2526.111 Safari/537.36"
61.160.213.55 - - [15/Jan/2016:19:22:51 -0700] "GET http://zc.qq.com/cgi-bin/chs/numreg/init? HTTP/1.0" 404 474 "-" "-"
184.70.186.6 - - [15/Jan/2016:19:23:19 -0700] "GET /Forms/ HTTP/1.1" 500 799 "-" "Mozilla/5.0 (Windows NT 6.3) AppleWebKit/537.36 (KHTML, like Gecko) Chrome/47.0.2526.111 Safari/537.36"
184.70.186.6 - - [15/Jan/2016:19:26:05 -0700] "GET /Forms/ HTTP/1.1" 500 799 "-" "Mozilla/5.0 (Windows NT 6.3) AppleWebKit/537.36 (KHTML, like Gecko) Chrome/47.0.2526.111 Safari/537.36"
184.70.186.6 - - [15/Jan/2016:19:27:01 -0700] "GET /favicon.ico HTTP/1.1" 404 503 "-" "Mozilla/5.0 (Windows NT 6.3; Trident/7.0; rv:11.0) like Gecko"
184.70.186.6 - - [15/Jan/2016:19:27:04 -0700] "GET /Forms/ HTTP/1.1" 500 799 "-" "Mozilla/5.0 (Windows NT 6.3) AppleWebKit/537.36 (KHTML, like Gecko) Chrome/47.0.2526.111 Safari/537.36"
184.70.186.6 - - [15/Jan/2016:19:30:28 -0700] "GET /configuratoins HTTP/1.1" 404 506 "-" "Mozilla/5.0 (Windows NT 6.3) AppleWebKit/537.36 (KHTML, like Gecko) Chrome/47.0.2526.111 Safari/537.36"
184.70.186.6 - - [15/Jan/2016:19:30:33 -0700] "GET /configurations HTTP/1.1" 404 505 "-" "Mozilla/5.0 (Windows NT 6.3) AppleWebKit/537.36 (KHTML, like Gecko) Chrome/47.0.2526.111 Safari/537.36"
184.70.186.6 - - [15/Jan/2016:19:36:30 -0700] "GET /Forms/index.html HTTP/1.1" 401 750 "-" "Mozilla/5.0 (Windows NT 6.3) AppleWebKit/537.36 (KHTML, like Gecko) Chrome/47.0.2526.111 Safari/537.36"
184.70.186.6 - prof [15/Jan/2016:19:36:32 -0700] "GET /Forms/index.html HTTP/1.1" 401 749 "-" "Mozilla/5.0 (Windows NT 6.3) AppleWebKit/537.36 (KHTML, like Gecko) Chrome/47.0.2526.111 Safari/537.36"
184.70.186.6 - prof [15/Jan/2016:19:36:37 -0700] "GET /Forms/index.html HTTP/1.1" 500 799 "-" "Mozilla/5.0 (Windows NT 6.3) AppleWebKit/537.36 (KHTML, like Gecko) Chrome/47.0.2526.111 Safari/537.36"
61.160.213.247 - - [15/Jan/2016:19:36:53 -0700] "GET http://zc.qq.com/cgi-bin/chs/numreg/init? HTTP/1.0" 404 474 "-" "-"
184.70.186.6 - prof [15/Jan/2016:19:39:22 -0700] "GET /Forms/index.html HTTP/1.1" 500 799 "-" "Mozilla/5.0 (Windows NT 6.3) AppleWebKit/537.36 (KHTML, like Gecko) Chrome/47.0.2526.111 Safari/537.36"
184.70.186.6 - prof [15/Jan/2016:19:39:27 -0700] "GET /Forms/ HTTP/1.1" 500 799 "-" "Mozilla/5.0 (Windows NT 6.3) AppleWebKit/537.36 (KHTML, like Gecko) Chrome/47.0.2526.111 Safari/537.36"
184.70.186.6 - - [15/Jan/2016:19:39:27 -0700] "GET /favicon.ico HTTP/1.1" 404 503 "http://45.79.163.192/Forms/" "Mozilla/5.0 (Windows NT 6.3) AppleWebKit/537.36 (KHTML, like Gecko) Chrome/47.0.2526.111 Safari/537.36"
184.70.186.6 - prof [15/Jan/2016:19:39:37 -0700] "GET /Forms/ HTTP/1.1" 500 799 "-" "Mozilla/5.0 (Windows NT 6.3) AppleWebKit/537.36 (KHTML, like Gecko) Chrome/47.0.2526.111 Safari/537.36"
184.70.186.6 - - [15/Jan/2016:19:39:46 -0700] "GET / HTTP/1.1" 200 686 "-" "Mozilla/5.0 (Windows NT 6.3) AppleWebKit/537.36 (KHTML, like Gecko) Chrome/47.0.2526.111 Safari/537.36"
184.70.186.6 - - [15/Jan/2016:19:39:51 -0700] "POST /login.php HTTP/1.1" 200 606 "http://45.79.163.192/login.html" "Mozilla/5.0 (Windows NT 6.3) AppleWebKit/537.36 (KHTML, like Gecko) Chrome/47.0.2526.111 Safari/537.36"
184.70.186.6 - - [15/Jan/2016:19:39:51 -0700] "POST /ServiceRequest.php HTTP/1.1" 200 1235 "http://45.79.163.192/login.php" "Mozilla/5.0 (Windows NT 6.3) AppleWebKit/537.36 (KHTML, like Gecko) Chrome/47.0.2526.111 Safari/537.36"
184.70.186.6 - prof [15/Jan/2016:19:39:54 -0700] "GET /Forms/index.html HTTP/1.1" 500 799 "http://45.79.163.192/ServiceRequest.php" "Mozilla/5.0 (Windows NT 6.3) AppleWebKit/537.36 (KHTML, like Gecko) Chrome/47.0.2526.111 Safari/537.36"
184.70.186.6 - prof [15/Jan/2016:19:41:16 -0700] "GET /Forms/index.html HTTP/1.1" 500 799 "http://45.79.163.192/ServiceRequest.php" "Mozilla/5.0 (Windows NT 6.3) AppleWebKit/537.36 (KHTML, like Gecko) Chrome/47.0.2526.111 Safari/537.36"
184.70.186.6 - prof [15/Jan/2016:19:41:21 -0700] "GET /Forms/index.html HTTP/1.1" 500 799 "http://45.79.163.192/ServiceRequest.php" "Mozilla/5.0 (Windows NT 6.3) AppleWebKit/537.36 (KHTML, like Gecko) Chrome/47.0.2526.111 Safari/537.36"
