[Thu Jan 14 22:23:43.194883 2016] [:error] [pid 3437] [client 184.70.186.6:51567] PHP Notice:  Undefined index: userid in /var/www/ekat.ca/public_html/ServiceRequest.php on line 39, referer: http://45.79.163.192/mailform.php
[Thu Jan 14 22:23:43.195352 2016] [:error] [pid 3437] [client 184.70.186.6:51567] PHP Warning:  mysql_fetch_row() expects parameter 1 to be resource, boolean given in /var/www/ekat.ca/public_html/ServiceRequest.php on line 94, referer: http://45.79.163.192/mailform.php
[Thu Jan 14 22:23:43.195365 2016] [:error] [pid 3437] [client 184.70.186.6:51567] PHP Warning:  mysql_free_result() expects parameter 1 to be resource, boolean given in /var/www/ekat.ca/public_html/ServiceRequest.php on line 106, referer: http://45.79.163.192/mailform.php
[Thu Jan 14 22:23:44.971723 2016] [:error] [pid 3437] [client 184.70.186.6:51567] PHP Notice:  Undefined index: userid in /var/www/ekat.ca/public_html/ServiceRequest.php on line 39, referer: http://45.79.163.192/mailform.php
[Thu Jan 14 22:23:44.972160 2016] [:error] [pid 3437] [client 184.70.186.6:51567] PHP Warning:  mysql_fetch_row() expects parameter 1 to be resource, boolean given in /var/www/ekat.ca/public_html/ServiceRequest.php on line 94, referer: http://45.79.163.192/mailform.php
[Thu Jan 14 22:23:44.972173 2016] [:error] [pid 3437] [client 184.70.186.6:51567] PHP Warning:  mysql_free_result() expects parameter 1 to be resource, boolean given in /var/www/ekat.ca/public_html/ServiceRequest.php on line 106, referer: http://45.79.163.192/mailform.php
[Thu Jan 14 22:23:46.587862 2016] [:error] [pid 3437] [client 184.70.186.6:51567] PHP Notice:  Undefined index: userid in /var/www/ekat.ca/public_html/ServiceRequest.php on line 39, referer: http://45.79.163.192/mailform.php
[Thu Jan 14 22:23:46.588322 2016] [:error] [pid 3437] [client 184.70.186.6:51567] PHP Warning:  mysql_fetch_row() expects parameter 1 to be resource, boolean given in /var/www/ekat.ca/public_html/ServiceRequest.php on line 94, referer: http://45.79.163.192/mailform.php
[Thu Jan 14 22:23:46.588336 2016] [:error] [pid 3437] [client 184.70.186.6:51567] PHP Warning:  mysql_free_result() expects parameter 1 to be resource, boolean given in /var/www/ekat.ca/public_html/ServiceRequest.php on line 106, referer: http://45.79.163.192/mailform.php
[Thu Jan 14 22:24:17.002155 2016] [:error] [pid 3297] [client 184.70.186.6:51569] PHP Notice:  Undefined index: userid in /var/www/ekat.ca/public_html/ServiceRequest.php on line 39, referer: http://45.79.163.192/mailform.php
[Thu Jan 14 22:24:17.002615 2016] [:error] [pid 3297] [client 184.70.186.6:51569] PHP Warning:  mysql_fetch_row() expects parameter 1 to be resource, boolean given in /var/www/ekat.ca/public_html/ServiceRequest.php on line 94, referer: http://45.79.163.192/mailform.php
[Thu Jan 14 22:24:17.002641 2016] [:error] [pid 3297] [client 184.70.186.6:51569] PHP Warning:  mysql_free_result() expects parameter 1 to be resource, boolean given in /var/www/ekat.ca/public_html/ServiceRequest.php on line 106, referer: http://45.79.163.192/mailform.php
[Thu Jan 14 22:24:53.192655 2016] [:error] [pid 3333] [client 184.70.186.6:51572] PHP Notice:  Undefined index: userid in /var/www/ekat.ca/public_html/ServiceRequest.php on line 39, referer: http://45.79.163.192/mailform.php
[Thu Jan 14 22:24:53.193180 2016] [:error] [pid 3333] [client 184.70.186.6:51572] PHP Warning:  mysql_fetch_row() expects parameter 1 to be resource, boolean given in /var/www/ekat.ca/public_html/ServiceRequest.php on line 94, referer: http://45.79.163.192/mailform.php
[Thu Jan 14 22:24:53.193195 2016] [:error] [pid 3333] [client 184.70.186.6:51572] PHP Warning:  mysql_free_result() expects parameter 1 to be resource, boolean given in /var/www/ekat.ca/public_html/ServiceRequest.php on line 106, referer: http://45.79.163.192/mailform.php
[Thu Jan 14 22:25:22.759116 2016] [:error] [pid 3431] [client 184.70.186.6:51574] PHP Notice:  Undefined index: userid in /var/www/ekat.ca/public_html/ServiceRequest.php on line 39, referer: http://45.79.163.192/mailform.php
[Thu Jan 14 22:25:22.759781 2016] [:error] [pid 3431] [client 184.70.186.6:51574] PHP Warning:  mysql_fetch_row() expects parameter 1 to be resource, boolean given in /var/www/ekat.ca/public_html/ServiceRequest.php on line 94, referer: http://45.79.163.192/mailform.php
[Thu Jan 14 22:25:22.759800 2016] [:error] [pid 3431] [client 184.70.186.6:51574] PHP Warning:  mysql_free_result() expects parameter 1 to be resource, boolean given in /var/www/ekat.ca/public_html/ServiceRequest.php on line 106, referer: http://45.79.163.192/mailform.php
[Thu Jan 14 22:25:33.448689 2016] [:error] [pid 3437] [client 184.70.186.6:51577] PHP Notice:  Undefined index: userid in /var/www/ekat.ca/public_html/ServiceRequest.php on line 39, referer: http://45.79.163.192/mailform.php
[Thu Jan 14 22:25:33.449153 2016] [:error] [pid 3437] [client 184.70.186.6:51577] PHP Warning:  mysql_fetch_row() expects parameter 1 to be resource, boolean given in /var/www/ekat.ca/public_html/ServiceRequest.php on line 94, referer: http://45.79.163.192/mailform.php
[Thu Jan 14 22:25:33.449167 2016] [:error] [pid 3437] [client 184.70.186.6:51577] PHP Warning:  mysql_free_result() expects parameter 1 to be resource, boolean given in /var/www/ekat.ca/public_html/ServiceRequest.php on line 106, referer: http://45.79.163.192/mailform.php
[Thu Jan 14 22:25:35.952719 2016] [:error] [pid 3437] [client 184.70.186.6:51577] PHP Notice:  Undefined index: userid in /var/www/ekat.ca/public_html/ServiceRequest.php on line 39, referer: http://45.79.163.192/mailform.php
[Thu Jan 14 22:25:35.953160 2016] [:error] [pid 3437] [client 184.70.186.6:51577] PHP Warning:  mysql_fetch_row() expects parameter 1 to be resource, boolean given in /var/www/ekat.ca/public_html/ServiceRequest.php on line 94, referer: http://45.79.163.192/mailform.php
[Thu Jan 14 22:25:35.953173 2016] [:error] [pid 3437] [client 184.70.186.6:51577] PHP Warning:  mysql_free_result() expects parameter 1 to be resource, boolean given in /var/www/ekat.ca/public_html/ServiceRequest.php on line 106, referer: http://45.79.163.192/mailform.php
[Thu Jan 14 22:27:01.934358 2016] [:error] [pid 3434] [client 184.70.186.6:51588] PHP Notice:  Undefined index: location in /var/www/ekat.ca/public_html/rawport.php on line 3
[Thu Jan 14 22:27:01.934396 2016] [:error] [pid 3434] [client 184.70.186.6:51588] PHP Notice:  Undefined index: action in /var/www/ekat.ca/public_html/rawport.php on line 4
[Thu Jan 14 22:27:01.934401 2016] [:error] [pid 3434] [client 184.70.186.6:51588] PHP Notice:  Undefined index: port in /var/www/ekat.ca/public_html/rawport.php on line 5
[Thu Jan 14 22:29:22.489865 2016] [cgi:error] [pid 3435] [client 61.160.213.247:4765] script not found or unable to stat: /usr/lib/cgi-bin/chs
[Thu Jan 14 22:42:47.502237 2016] [cgi:error] [pid 3297] [client 61.160.213.55:2460] script not found or unable to stat: /usr/lib/cgi-bin/chs
[Thu Jan 14 22:49:12.371702 2016] [core:error] [pid 3434] [client ::1:47394] AH00126: Invalid URI in request \tGET / HTTP/1.1
[Thu Jan 14 22:49:36.993500 2016] [core:error] [pid 3432] [client ::1:47395] AH00126: Invalid URI in request \tGET /dirname HTTP/1.1
[Thu Jan 14 22:49:56.416443 2016] [core:error] [pid 3435] [client ::1:47396] AH00126: Invalid URI in request \tGET / HTTP/1.1
[Thu Jan 14 22:50:22.984978 2016] [core:error] [pid 3434] [client ::1:47397] AH00126: Invalid URI in request \tGET /protected/ HTTP/1.1
[Thu Jan 14 22:56:17.500917 2016] [core:error] [pid 3432] [client ::1:47398] AH00126: Invalid URI in request \tGET /protected/ HTTP/1.1
[Thu Jan 14 22:56:24.910513 2016] [cgi:error] [pid 3431] [client 61.160.213.55:2604] script not found or unable to stat: /usr/lib/cgi-bin/chs
[Thu Jan 14 23:23:40.511554 2016] [cgi:error] [pid 3437] [client 61.160.213.32:2706] script not found or unable to stat: /usr/lib/cgi-bin/chs
[Thu Jan 14 23:37:48.989856 2016] [cgi:error] [pid 3297] [client 61.160.213.32:3524] script not found or unable to stat: /usr/lib/cgi-bin/chs
[Thu Jan 14 23:42:14.084637 2016] [core:error] [pid 3333] [client 45.79.163.192:33115] AH00126: Invalid URI in request \tGET / HTTP/1.1
[Thu Jan 14 23:42:25.262049 2016] [core:error] [pid 3298] [client 45.79.163.192:33116] AH00126: Invalid URI in request \tGET / HTTP/1.1
[Thu Jan 14 23:42:31.905344 2016] [core:error] [pid 3720] [client 45.79.163.192:33117] AH00126: Invalid URI in request \tGET / HTTP/1.1
[Thu Jan 14 23:45:24.869497 2016] [auth_basic:error] [pid 3437] [client 45.79.163.192:33119] AH01614: client used wrong authentication scheme: /Forms/
[Thu Jan 14 23:50:44.518457 2016] [auth_basic:error] [pid 3437] [client 45.79.163.192:33120] AH01614: client used wrong authentication scheme: /Forms/
[Thu Jan 14 23:53:38.378472 2016] [core:error] [pid 3434] [client 45.79.163.192:33123] AH00126: Invalid URI in request HEAD index.php HTTP/1.1
[Thu Jan 14 23:53:51.363778 2016] [core:error] [pid 3431] [client 45.79.163.192:33124] AH00126: Invalid URI in request HEAD index.php HTTP/2.0
[Thu Jan 14 23:54:16.292317 2016] [core:error] [pid 3437] [client 45.79.163.192:33125] AH00126: Invalid URI in request \tGET / HTTP/1.1
[Thu Jan 14 23:59:56.479700 2016] [core:error] [pid 3436] [client 45.79.163.192:33126] AH00126: Invalid URI in request \tHEAD / HTTP/1.1
[Fri Jan 15 00:00:07.478444 2016] [core:error] [pid 3297] [client 45.79.163.192:33127] AH00126: Invalid URI in request \tHEAD / HTTP/1.1
[Fri Jan 15 00:00:16.384914 2016] [core:error] [pid 3721] [client 45.79.163.192:33128] AH00126: Invalid URI in request \tHEAD / 
[Fri Jan 15 00:00:36.565894 2016] [core:error] [pid 3728] [client 45.79.163.192:33129] AH00126: Invalid URI in request \tHEAD /setCookie.php HTTP/1.1 
[Fri Jan 15 00:01:22.276006 2016] [core:error] [pid 3437] [client 45.79.163.192:33130] AH00126: Invalid URI in request \tHEAD /setCookie.php HTTP/1.1 
[Fri Jan 15 00:01:31.555171 2016] [core:error] [pid 3727] [client 45.79.163.192:33131] AH00126: Invalid URI in request \tHEAD ./setCookie.php HTTP/1.1 
[Fri Jan 15 00:03:30.461259 2016] [core:error] [pid 3431] [client 45.79.163.192:33132] AH00126: Invalid URI in request \tHEAD ./test.php HTTP/1.1 
[Fri Jan 15 00:03:34.507483 2016] [core:error] [pid 3297] [client 45.79.163.192:33133] AH00126: Invalid URI in request \tHEAD ./test.php HTTP/1.1 
[Fri Jan 15 00:03:41.315000 2016] [core:error] [pid 3721] [client 45.79.163.192:33134] AH00126: Invalid URI in request \tHEAD ./test.php HTTP/1.1 
[Fri Jan 15 00:20:14.619101 2016] [:error] [pid 3434] [client 195.252.51.30:55075] script '/var/www/ekat.ca/public_html/wp-login.php' not found or unable to stat
[Fri Jan 15 00:59:06.324344 2016] [cgi:error] [pid 3333] [client 61.160.213.32:1922] script not found or unable to stat: /usr/lib/cgi-bin/chs
[Fri Jan 15 01:12:50.978153 2016] [cgi:error] [pid 3721] [client 61.160.213.247:1895] script not found or unable to stat: /usr/lib/cgi-bin/chs
[Fri Jan 15 01:26:24.834305 2016] [cgi:error] [pid 3720] [client 61.160.213.32:3850] script not found or unable to stat: /usr/lib/cgi-bin/chs
[Fri Jan 15 01:40:05.822613 2016] [cgi:error] [pid 3436] [client 61.160.213.32:1109] script not found or unable to stat: /usr/lib/cgi-bin/chs
[Fri Jan 15 01:53:37.543899 2016] [cgi:error] [pid 3727] [client 61.160.213.32:1980] script not found or unable to stat: /usr/lib/cgi-bin/chs
[Fri Jan 15 01:53:55.246573 2016] [cgi:error] [pid 3437] [client 61.160.213.247:2640] script not found or unable to stat: /usr/lib/cgi-bin/chs
[Fri Jan 15 02:07:25.686549 2016] [cgi:error] [pid 3434] [client 61.160.213.55:4589] script not found or unable to stat: /usr/lib/cgi-bin/chs
[Fri Jan 15 02:21:14.982562 2016] [cgi:error] [pid 3435] [client 61.160.213.247:4161] script not found or unable to stat: /usr/lib/cgi-bin/chs
[Fri Jan 15 02:34:50.845124 2016] [cgi:error] [pid 3298] [client 61.160.213.32:3203] script not found or unable to stat: /usr/lib/cgi-bin/chs
[Fri Jan 15 03:02:02.134969 2016] [cgi:error] [pid 3437] [client 61.160.213.247:4926] script not found or unable to stat: /usr/lib/cgi-bin/chs
[Fri Jan 15 03:15:58.179975 2016] [cgi:error] [pid 3720] [client 61.160.213.32:1407] script not found or unable to stat: /usr/lib/cgi-bin/chs
[Fri Jan 15 03:32:32.708344 2016] [cgi:error] [pid 3721] [client 203.162.15.233:51709] script not found or unable to stat: /usr/lib/cgi-bin/php
[Fri Jan 15 03:32:33.413466 2016] [cgi:error] [pid 3436] [client 203.162.15.233:51718] script not found or unable to stat: /usr/lib/cgi-bin/php5
[Fri Jan 15 03:32:34.118572 2016] [cgi:error] [pid 3728] [client 203.162.15.233:51728] script not found or unable to stat: /usr/lib/cgi-bin/php-cgi
[Fri Jan 15 03:32:34.823432 2016] [cgi:error] [pid 3333] [client 203.162.15.233:51737] script not found or unable to stat: /usr/lib/cgi-bin/php.cgi
[Fri Jan 15 03:32:35.528232 2016] [cgi:error] [pid 3297] [client 203.162.15.233:51749] script not found or unable to stat: /usr/lib/cgi-bin/php4
[Fri Jan 15 03:42:47.882022 2016] [cgi:error] [pid 3431] [client 61.160.213.32:1377] script not found or unable to stat: /usr/lib/cgi-bin/chs
[Fri Jan 15 03:56:33.632266 2016] [cgi:error] [pid 3720] [client 61.160.213.55:1613] script not found or unable to stat: /usr/lib/cgi-bin/chs
[Fri Jan 15 04:23:46.636853 2016] [cgi:error] [pid 3727] [client 61.160.213.55:4541] script not found or unable to stat: /usr/lib/cgi-bin/chs
[Fri Jan 15 04:50:56.623562 2016] [cgi:error] [pid 3435] [client 61.160.213.32:4380] script not found or unable to stat: /usr/lib/cgi-bin/chs
[Fri Jan 15 05:04:34.660173 2016] [cgi:error] [pid 3437] [client 61.160.213.55:2281] script not found or unable to stat: /usr/lib/cgi-bin/chs
[Fri Jan 15 05:05:10.615174 2016] [cgi:error] [pid 3298] [client 61.160.213.32:2074] script not found or unable to stat: /usr/lib/cgi-bin/chs
[Fri Jan 15 05:31:52.842199 2016] [cgi:error] [pid 3721] [client 61.160.213.32:4287] script not found or unable to stat: /usr/lib/cgi-bin/chs
[Fri Jan 15 05:45:36.062345 2016] [cgi:error] [pid 3436] [client 61.160.213.247:4594] script not found or unable to stat: /usr/lib/cgi-bin/chs
[Fri Jan 15 05:59:13.425958 2016] [cgi:error] [pid 3333] [client 61.160.213.32:4423] script not found or unable to stat: /usr/lib/cgi-bin/chs
[Fri Jan 15 06:26:27.485033 2016] [cgi:error] [pid 3728] [client 61.160.213.32:1436] script not found or unable to stat: /usr/lib/cgi-bin/chs
[Fri Jan 15 06:40:15.838505 2016] [cgi:error] [pid 3297] [client 61.160.213.55:4481] script not found or unable to stat: /usr/lib/cgi-bin/chs
[Fri Jan 15 07:20:53.377545 2016] [cgi:error] [pid 3431] [client 61.160.213.32:2190] script not found or unable to stat: /usr/lib/cgi-bin/chs
[Fri Jan 15 07:34:30.688056 2016] [cgi:error] [pid 3297] [client 61.160.213.32:2268] script not found or unable to stat: /usr/lib/cgi-bin/chs
[Fri Jan 15 07:48:19.337113 2016] [cgi:error] [pid 3728] [client 61.160.213.247:2725] script not found or unable to stat: /usr/lib/cgi-bin/chs
[Fri Jan 15 08:01:55.655513 2016] [cgi:error] [pid 3720] [client 61.160.213.247:1788] script not found or unable to stat: /usr/lib/cgi-bin/chs
[Fri Jan 15 08:15:45.256547 2016] [cgi:error] [pid 3727] [client 61.160.213.247:2295] script not found or unable to stat: /usr/lib/cgi-bin/chs
[Fri Jan 15 08:29:03.142889 2016] [cgi:error] [pid 3435] [client 61.160.213.55:1533] script not found or unable to stat: /usr/lib/cgi-bin/chs
[Fri Jan 15 08:42:43.084886 2016] [cgi:error] [pid 3437] [client 61.160.213.32:3922] script not found or unable to stat: /usr/lib/cgi-bin/chs
[Fri Jan 15 08:56:21.029859 2016] [cgi:error] [pid 3298] [client 61.160.213.32:1612] script not found or unable to stat: /usr/lib/cgi-bin/chs
[Fri Jan 15 09:23:51.084926 2016] [cgi:error] [pid 3721] [client 61.160.213.32:4278] script not found or unable to stat: /usr/lib/cgi-bin/chs
[Fri Jan 15 09:37:24.106132 2016] [cgi:error] [pid 3333] [client 61.160.213.247:2557] script not found or unable to stat: /usr/lib/cgi-bin/chs
[Fri Jan 15 09:50:52.867460 2016] [cgi:error] [pid 3434] [client 61.160.213.55:3847] script not found or unable to stat: /usr/lib/cgi-bin/chs
[Fri Jan 15 10:04:31.605849 2016] [cgi:error] [pid 3431] [client 61.160.213.247:4153] script not found or unable to stat: /usr/lib/cgi-bin/chs
[Fri Jan 15 10:18:08.678820 2016] [cgi:error] [pid 3728] [client 61.160.213.55:4312] script not found or unable to stat: /usr/lib/cgi-bin/chs
[Fri Jan 15 10:18:19.854160 2016] [cgi:error] [pid 3720] [client 61.160.213.55:4863] script not found or unable to stat: /usr/lib/cgi-bin/chs
[Fri Jan 15 10:32:02.895133 2016] [cgi:error] [pid 3727] [client 61.160.213.55:1822] script not found or unable to stat: /usr/lib/cgi-bin/chs
[Fri Jan 15 10:45:32.857650 2016] [cgi:error] [pid 3435] [client 61.160.213.55:2030] script not found or unable to stat: /usr/lib/cgi-bin/chs
[Fri Jan 15 10:59:07.916212 2016] [cgi:error] [pid 3437] [client 61.160.213.247:4880] script not found or unable to stat: /usr/lib/cgi-bin/chs
[Fri Jan 15 11:12:34.625691 2016] [cgi:error] [pid 3298] [client 61.160.213.55:3908] script not found or unable to stat: /usr/lib/cgi-bin/chs
[Fri Jan 15 11:26:25.375443 2016] [cgi:error] [pid 3721] [client 61.160.213.55:3389] script not found or unable to stat: /usr/lib/cgi-bin/chs
[Fri Jan 15 11:39:55.243290 2016] [cgi:error] [pid 3333] [client 61.160.213.247:3057] script not found or unable to stat: /usr/lib/cgi-bin/chs
[Fri Jan 15 11:53:25.340930 2016] [cgi:error] [pid 3431] [client 61.160.213.32:1969] script not found or unable to stat: /usr/lib/cgi-bin/chs
[Fri Jan 15 12:07:13.356710 2016] [cgi:error] [pid 3728] [client 61.160.213.55:4837] script not found or unable to stat: /usr/lib/cgi-bin/chs
[Fri Jan 15 12:20:46.448305 2016] [cgi:error] [pid 3720] [client 61.160.213.32:2693] script not found or unable to stat: /usr/lib/cgi-bin/chs
[Fri Jan 15 12:30:31.007736 2016] [core:error] [pid 3297] [client 2604:a880:800:10::fd:9001:35437] AH00135: Invalid method in request quit
[Fri Jan 15 13:01:37.627488 2016] [cgi:error] [pid 3727] [client 61.160.213.247:1212] script not found or unable to stat: /usr/lib/cgi-bin/chs
[Fri Jan 15 13:15:14.751493 2016] [cgi:error] [pid 3434] [client 61.160.213.32:3027] script not found or unable to stat: /usr/lib/cgi-bin/chs
[Fri Jan 15 13:28:41.658688 2016] [cgi:error] [pid 3298] [client 61.160.213.32:4162] script not found or unable to stat: /usr/lib/cgi-bin/chs
[Fri Jan 15 14:09:51.516340 2016] [cgi:error] [pid 3431] [client 61.160.213.32:1987] script not found or unable to stat: /usr/lib/cgi-bin/chs
[Fri Jan 15 14:37:09.917704 2016] [cgi:error] [pid 3728] [client 61.160.213.55:4370] script not found or unable to stat: /usr/lib/cgi-bin/chs
[Fri Jan 15 14:51:24.248016 2016] [cgi:error] [pid 3720] [client 61.160.213.55:2395] script not found or unable to stat: /usr/lib/cgi-bin/chs
[Fri Jan 15 15:04:04.224532 2016] [cgi:error] [pid 3437] [client 61.160.213.32:4488] script not found or unable to stat: /usr/lib/cgi-bin/chs
[Fri Jan 15 15:17:43.268327 2016] [cgi:error] [pid 3435] [client 61.160.213.247:2733] script not found or unable to stat: /usr/lib/cgi-bin/chs
[Fri Jan 15 15:31:33.127519 2016] [cgi:error] [pid 3436] [client 61.160.213.247:3266] script not found or unable to stat: /usr/lib/cgi-bin/chs
[Fri Jan 15 15:58:40.569528 2016] [cgi:error] [pid 3333] [client 61.160.213.32:1798] script not found or unable to stat: /usr/lib/cgi-bin/chs
[Fri Jan 15 16:25:52.504994 2016] [cgi:error] [pid 3727] [client 61.160.213.32:2702] script not found or unable to stat: /usr/lib/cgi-bin/chs
[Fri Jan 15 16:39:26.349572 2016] [cgi:error] [pid 3434] [client 61.160.213.32:2038] script not found or unable to stat: /usr/lib/cgi-bin/chs
[Fri Jan 15 16:53:04.835678 2016] [cgi:error] [pid 3298] [client 61.160.213.32:1029] script not found or unable to stat: /usr/lib/cgi-bin/chs
[Fri Jan 15 17:06:35.054905 2016] [cgi:error] [pid 3431] [client 61.160.213.55:3879] script not found or unable to stat: /usr/lib/cgi-bin/chs
[Fri Jan 15 17:20:19.286172 2016] [cgi:error] [pid 3728] [client 61.160.213.55:2775] script not found or unable to stat: /usr/lib/cgi-bin/chs
[Fri Jan 15 17:34:12.794570 2016] [cgi:error] [pid 3720] [client 61.160.213.32:3991] script not found or unable to stat: /usr/lib/cgi-bin/chs
[Fri Jan 15 17:47:18.873332 2016] [cgi:error] [pid 3437] [client 61.160.213.55:3816] script not found or unable to stat: /usr/lib/cgi-bin/chs
[Fri Jan 15 18:01:06.684848 2016] [cgi:error] [pid 3435] [client 61.160.213.32:1396] script not found or unable to stat: /usr/lib/cgi-bin/chs
[Fri Jan 15 18:13:32.567008 2016] [:error] [pid 3721] [client 184.70.186.6:49998] PHP Notice:  Undefined index: location in /var/www/ekat.ca/public_html/rawport.php on line 3
[Fri Jan 15 18:13:32.567071 2016] [:error] [pid 3721] [client 184.70.186.6:49998] PHP Notice:  Undefined index: action in /var/www/ekat.ca/public_html/rawport.php on line 4
[Fri Jan 15 18:13:32.567081 2016] [:error] [pid 3721] [client 184.70.186.6:49998] PHP Notice:  Undefined index: port in /var/www/ekat.ca/public_html/rawport.php on line 5
[Fri Jan 15 18:14:48.361103 2016] [core:error] [pid 3434] [client ::1:47430] AH00126: Invalid URI in request \tGET / HTTP/1.1
[Fri Jan 15 18:14:49.325812 2016] [cgi:error] [pid 3298] [client 61.160.213.55:3618] script not found or unable to stat: /usr/lib/cgi-bin/chs
[Fri Jan 15 18:15:02.951294 2016] [core:error] [pid 3728] [client ::1:47431] AH00126: Invalid URI in request \tGET /RAWPORT.PHP HTTP/1.1
[Fri Jan 15 18:15:19.403363 2016] [core:error] [pid 3436] [client ::1:47432] AH00126: Invalid URI in request \tGET /rawport.php HTTP/1.1
[Fri Jan 15 18:15:25.924233 2016] [core:error] [pid 3721] [client ::1:47433] AH00126: Invalid URI in request \tGET /rawport.php 
[Fri Jan 15 18:15:30.906273 2016] [:error] [pid 3727] [client ::1:47434] PHP Notice:  Undefined index: location in /var/www/ekat.ca/public_html/rawport.php on line 3
[Fri Jan 15 18:15:30.906311 2016] [:error] [pid 3727] [client ::1:47434] PHP Notice:  Undefined index: action in /var/www/ekat.ca/public_html/rawport.php on line 4
[Fri Jan 15 18:15:30.906317 2016] [:error] [pid 3727] [client ::1:47434] PHP Notice:  Undefined index: port in /var/www/ekat.ca/public_html/rawport.php on line 5
[Fri Jan 15 18:28:23.427226 2016] [cgi:error] [pid 3728] [client 61.160.213.247:3336] script not found or unable to stat: /usr/lib/cgi-bin/chs
[Fri Jan 15 18:47:33.827165 2016] [authn_file:error] [pid 3434] (2)No such file or directory: [client 184.70.186.6:50588] AH01620: Could not open password file: /etc/apache2/.htpasswd
[Fri Jan 15 18:47:37.080679 2016] [authn_file:error] [pid 3728] (2)No such file or directory: [client 184.70.186.6:50589] AH01620: Could not open password file: /etc/apache2/.htpasswd
[Fri Jan 15 18:47:58.637354 2016] [authn_file:error] [pid 3333] (2)No such file or directory: [client 184.70.186.6:50598] AH01620: Could not open password file: /etc/apache2/.htpasswd
[Fri Jan 15 18:55:34.424558 2016] [cgi:error] [pid 3437] [client 61.160.213.247:2614] script not found or unable to stat: /usr/lib/cgi-bin/chs
[Fri Jan 15 19:01:53.313410 2016] [auth_basic:error] [pid 3434] [client ::1:47445] AH01614: client used wrong authentication scheme: /Forms/
[Fri Jan 15 19:03:06.452533 2016] [auth_basic:error] [pid 3431] [client ::1:47446] AH01614: client used wrong authentication scheme: /Forms/
[Fri Jan 15 19:05:04.058433 2016] [auth_basic:error] [pid 3721] [client ::1:47447] AH01614: client used wrong authentication scheme: /Forms/
[Fri Jan 15 19:05:24.257288 2016] [auth_basic:error] [pid 3728] [client 184.70.186.6:50815] AH01618: user prof not found: /Forms/
[Fri Jan 15 19:05:27.571380 2016] [auth_basic:error] [pid 3728] [client 184.70.186.6:50815] AH01618: user prof not found: /Forms/
[Fri Jan 15 19:06:41.360112 2016] [auth_basic:error] [pid 3297] [client 184.70.186.6:50832] AH01618: user prof not found: /Forms/
[Fri Jan 15 19:06:46.674263 2016] [auth_basic:error] [pid 3333] [client 184.70.186.6:50834] AH01618: user prof not found: /Forms/
[Fri Jan 15 19:06:51.545348 2016] [auth_basic:error] [pid 3333] [client 184.70.186.6:50834] AH01618: user root not found: /Forms/
[Fri Jan 15 19:08:36.020337 2016] [auth_basic:error] [pid 3431] [client 184.70.186.6:50857] AH01618: user prof not found: /Forms/
[Fri Jan 15 19:09:27.073909 2016] [cgi:error] [pid 3434] [client 61.160.213.247:1588] script not found or unable to stat: /usr/lib/cgi-bin/chs
[Fri Jan 15 19:16:41.867875 2016] [ssl:warn] [pid 8701] AH01906: RSA server certificate is a CA certificate (BasicConstraints: CA == TRUE !?)
[Fri Jan 15 19:16:41.867901 2016] [ssl:warn] [pid 8701] AH01909: RSA certificate configured for www.ekat.ca:443 does NOT include an ID which matches the server name
[Fri Jan 15 19:16:41.868104 2016] [ssl:warn] [pid 8701] AH01906: RSA server certificate is a CA certificate (BasicConstraints: CA == TRUE !?)
[Fri Jan 15 19:16:41.868116 2016] [ssl:warn] [pid 8701] AH01909: RSA certificate configured for www.ekat.ca:443 does NOT include an ID which matches the server name
[Fri Jan 15 19:16:41.901577 2016] [ssl:warn] [pid 8702] AH01906: RSA server certificate is a CA certificate (BasicConstraints: CA == TRUE !?)
[Fri Jan 15 19:16:41.901617 2016] [ssl:warn] [pid 8702] AH01909: RSA certificate configured for www.ekat.ca:443 does NOT include an ID which matches the server name
[Fri Jan 15 19:16:41.902004 2016] [ssl:warn] [pid 8702] AH01906: RSA server certificate is a CA certificate (BasicConstraints: CA == TRUE !?)
[Fri Jan 15 19:16:41.902023 2016] [ssl:warn] [pid 8702] AH01909: RSA certificate configured for www.ekat.ca:443 does NOT include an ID which matches the server name
[Fri Jan 15 19:17:19.120167 2016] [ssl:warn] [pid 8761] AH01906: RSA server certificate is a CA certificate (BasicConstraints: CA == TRUE !?)
[Fri Jan 15 19:17:19.120192 2016] [ssl:warn] [pid 8761] AH01909: RSA certificate configured for www.ekat.ca:443 does NOT include an ID which matches the server name
[Fri Jan 15 19:17:19.120397 2016] [ssl:warn] [pid 8761] AH01906: RSA server certificate is a CA certificate (BasicConstraints: CA == TRUE !?)
[Fri Jan 15 19:17:19.120409 2016] [ssl:warn] [pid 8761] AH01909: RSA certificate configured for www.ekat.ca:443 does NOT include an ID which matches the server name
[Fri Jan 15 19:17:19.150903 2016] [ssl:warn] [pid 8762] AH01906: RSA server certificate is a CA certificate (BasicConstraints: CA == TRUE !?)
[Fri Jan 15 19:17:19.150933 2016] [ssl:warn] [pid 8762] AH01909: RSA certificate configured for www.ekat.ca:443 does NOT include an ID which matches the server name
[Fri Jan 15 19:17:19.151174 2016] [ssl:warn] [pid 8762] AH01906: RSA server certificate is a CA certificate (BasicConstraints: CA == TRUE !?)
[Fri Jan 15 19:17:19.151188 2016] [ssl:warn] [pid 8762] AH01909: RSA certificate configured for www.ekat.ca:443 does NOT include an ID which matches the server name
[Fri Jan 15 19:18:44.435631 2016] [ssl:warn] [pid 8820] AH01906: RSA server certificate is a CA certificate (BasicConstraints: CA == TRUE !?)
[Fri Jan 15 19:18:44.435657 2016] [ssl:warn] [pid 8820] AH01909: RSA certificate configured for www.ekat.ca:443 does NOT include an ID which matches the server name
[Fri Jan 15 19:18:44.435888 2016] [ssl:warn] [pid 8820] AH01906: RSA server certificate is a CA certificate (BasicConstraints: CA == TRUE !?)
[Fri Jan 15 19:18:44.435912 2016] [ssl:warn] [pid 8820] AH01909: RSA certificate configured for www.ekat.ca:443 does NOT include an ID which matches the server name
[Fri Jan 15 19:18:44.471428 2016] [ssl:warn] [pid 8821] AH01906: RSA server certificate is a CA certificate (BasicConstraints: CA == TRUE !?)
[Fri Jan 15 19:18:44.471463 2016] [ssl:warn] [pid 8821] AH01909: RSA certificate configured for www.ekat.ca:443 does NOT include an ID which matches the server name
[Fri Jan 15 19:18:44.471764 2016] [ssl:warn] [pid 8821] AH01906: RSA server certificate is a CA certificate (BasicConstraints: CA == TRUE !?)
[Fri Jan 15 19:18:44.471780 2016] [ssl:warn] [pid 8821] AH01909: RSA certificate configured for www.ekat.ca:443 does NOT include an ID which matches the server name
[Fri Jan 15 19:22:03.944753 2016] [ssl:warn] [pid 8879] AH01906: RSA server certificate is a CA certificate (BasicConstraints: CA == TRUE !?)
[Fri Jan 15 19:22:03.944781 2016] [ssl:warn] [pid 8879] AH01909: RSA certificate configured for www.ekat.ca:443 does NOT include an ID which matches the server name
[Fri Jan 15 19:22:03.944996 2016] [ssl:warn] [pid 8879] AH01906: RSA server certificate is a CA certificate (BasicConstraints: CA == TRUE !?)
[Fri Jan 15 19:22:03.945009 2016] [ssl:warn] [pid 8879] AH01909: RSA certificate configured for www.ekat.ca:443 does NOT include an ID which matches the server name
[Fri Jan 15 19:22:03.979263 2016] [ssl:warn] [pid 8880] AH01906: RSA server certificate is a CA certificate (BasicConstraints: CA == TRUE !?)
[Fri Jan 15 19:22:03.979305 2016] [ssl:warn] [pid 8880] AH01909: RSA certificate configured for www.ekat.ca:443 does NOT include an ID which matches the server name
[Fri Jan 15 19:22:03.979733 2016] [ssl:warn] [pid 8880] AH01906: RSA server certificate is a CA certificate (BasicConstraints: CA == TRUE !?)
[Fri Jan 15 19:22:03.979753 2016] [ssl:warn] [pid 8880] AH01909: RSA certificate configured for www.ekat.ca:443 does NOT include an ID which matches the server name
[Fri Jan 15 19:22:51.081335 2016] [cgi:error] [pid 8885] [client 61.160.213.55:4796] script not found or unable to stat: /usr/lib/cgi-bin/chs
[Fri Jan 15 19:22:54.964408 2016] [ssl:warn] [pid 8936] AH01906: RSA server certificate is a CA certificate (BasicConstraints: CA == TRUE !?)
[Fri Jan 15 19:22:54.964433 2016] [ssl:warn] [pid 8936] AH01909: RSA certificate configured for www.ekat.ca:443 does NOT include an ID which matches the server name
[Fri Jan 15 19:22:54.964643 2016] [ssl:warn] [pid 8936] AH01906: RSA server certificate is a CA certificate (BasicConstraints: CA == TRUE !?)
[Fri Jan 15 19:22:54.964656 2016] [ssl:warn] [pid 8936] AH01909: RSA certificate configured for www.ekat.ca:443 does NOT include an ID which matches the server name
[Fri Jan 15 19:22:54.993375 2016] [ssl:warn] [pid 8937] AH01906: RSA server certificate is a CA certificate (BasicConstraints: CA == TRUE !?)
[Fri Jan 15 19:22:54.993402 2016] [ssl:warn] [pid 8937] AH01909: RSA certificate configured for www.ekat.ca:443 does NOT include an ID which matches the server name
[Fri Jan 15 19:22:54.993622 2016] [ssl:warn] [pid 8937] AH01906: RSA server certificate is a CA certificate (BasicConstraints: CA == TRUE !?)
[Fri Jan 15 19:22:54.993635 2016] [ssl:warn] [pid 8937] AH01909: RSA certificate configured for www.ekat.ca:443 does NOT include an ID which matches the server name
[Fri Jan 15 19:23:19.173041 2016] [cgi:error] [pid 8941] [client 184.70.186.6:51124] AH01215: (13)Permission denied: exec of '/var/www/ekat.ca/Forms/index.html' failed
[Fri Jan 15 19:23:19.173365 2016] [cgi:error] [pid 8941] [client 184.70.186.6:51124] End of script output before headers: index.html
[Fri Jan 15 19:26:05.587846 2016] [cgi:error] [pid 8951] [client 184.70.186.6:51161] AH01215: (13)Permission denied: exec of '/var/www/ekat.ca/Forms/index.html' failed
[Fri Jan 15 19:26:05.588167 2016] [cgi:error] [pid 8951] [client 184.70.186.6:51161] End of script output before headers: index.html
[Fri Jan 15 19:27:04.847908 2016] [cgi:error] [pid 8947] [client 184.70.186.6:51197] AH01215: (13)Permission denied: exec of '/var/www/ekat.ca/Forms/index.html' failed
[Fri Jan 15 19:27:04.848268 2016] [cgi:error] [pid 8947] [client 184.70.186.6:51197] End of script output before headers: index.html
[Fri Jan 15 19:36:24.012629 2016] [ssl:warn] [pid 9019] AH01906: RSA server certificate is a CA certificate (BasicConstraints: CA == TRUE !?)
[Fri Jan 15 19:36:24.012654 2016] [ssl:warn] [pid 9019] AH01909: RSA certificate configured for www.ekat.ca:443 does NOT include an ID which matches the server name
[Fri Jan 15 19:36:24.012953 2016] [ssl:warn] [pid 9019] AH01906: RSA server certificate is a CA certificate (BasicConstraints: CA == TRUE !?)
[Fri Jan 15 19:36:24.012969 2016] [ssl:warn] [pid 9019] AH01909: RSA certificate configured for www.ekat.ca:443 does NOT include an ID which matches the server name
[Fri Jan 15 19:36:24.043248 2016] [ssl:warn] [pid 9020] AH01906: RSA server certificate is a CA certificate (BasicConstraints: CA == TRUE !?)
[Fri Jan 15 19:36:24.043281 2016] [ssl:warn] [pid 9020] AH01909: RSA certificate configured for www.ekat.ca:443 does NOT include an ID which matches the server name
[Fri Jan 15 19:36:24.043527 2016] [ssl:warn] [pid 9020] AH01906: RSA server certificate is a CA certificate (BasicConstraints: CA == TRUE !?)
[Fri Jan 15 19:36:24.043540 2016] [ssl:warn] [pid 9020] AH01909: RSA certificate configured for www.ekat.ca:443 does NOT include an ID which matches the server name
[Fri Jan 15 19:36:32.778106 2016] [auth_basic:error] [pid 9024] [client 184.70.186.6:51334] AH01617: user prof: authentication failure for "/Forms/index.html": Password Mismatch
[Fri Jan 15 19:36:37.578355 2016] [cgi:error] [pid 9024] [client 184.70.186.6:51334] AH01215: (13)Permission denied: exec of '/var/www/ekat.ca/Forms/index.html' failed
[Fri Jan 15 19:36:37.578762 2016] [cgi:error] [pid 9024] [client 184.70.186.6:51334] End of script output before headers: index.html
[Fri Jan 15 19:36:53.061829 2016] [cgi:error] [pid 9032] [client 61.160.213.247:2668] script not found or unable to stat: /usr/lib/cgi-bin/chs
[Fri Jan 15 19:39:17.501230 2016] [ssl:warn] [pid 9091] AH01906: RSA server certificate is a CA certificate (BasicConstraints: CA == TRUE !?)
[Fri Jan 15 19:39:17.501258 2016] [ssl:warn] [pid 9091] AH01909: RSA certificate configured for www.ekat.ca:443 does NOT include an ID which matches the server name
[Fri Jan 15 19:39:17.501493 2016] [ssl:warn] [pid 9091] AH01906: RSA server certificate is a CA certificate (BasicConstraints: CA == TRUE !?)
[Fri Jan 15 19:39:17.501506 2016] [ssl:warn] [pid 9091] AH01909: RSA certificate configured for www.ekat.ca:443 does NOT include an ID which matches the server name
[Fri Jan 15 19:39:17.531881 2016] [ssl:warn] [pid 9092] AH01906: RSA server certificate is a CA certificate (BasicConstraints: CA == TRUE !?)
[Fri Jan 15 19:39:17.531915 2016] [ssl:warn] [pid 9092] AH01909: RSA certificate configured for www.ekat.ca:443 does NOT include an ID which matches the server name
[Fri Jan 15 19:39:17.532135 2016] [ssl:warn] [pid 9092] AH01906: RSA server certificate is a CA certificate (BasicConstraints: CA == TRUE !?)
[Fri Jan 15 19:39:17.532148 2016] [ssl:warn] [pid 9092] AH01909: RSA certificate configured for www.ekat.ca:443 does NOT include an ID which matches the server name
[Fri Jan 15 19:39:22.565597 2016] [cgi:error] [pid 9096] [client 184.70.186.6:51375] AH01215: (13)Permission denied: exec of '/var/www/ekat.ca/Forms/index.html' failed
[Fri Jan 15 19:39:22.565937 2016] [cgi:error] [pid 9096] [client 184.70.186.6:51375] End of script output before headers: index.html
[Fri Jan 15 19:39:27.155128 2016] [cgi:error] [pid 9104] [client 184.70.186.6:51376] AH01215: (13)Permission denied: exec of '/var/www/ekat.ca/Forms/index.html' failed
[Fri Jan 15 19:39:27.155479 2016] [cgi:error] [pid 9104] [client 184.70.186.6:51376] End of script output before headers: index.html
[Fri Jan 15 19:39:31.995495 2016] [ssl:warn] [pid 9150] AH01906: RSA server certificate is a CA certificate (BasicConstraints: CA == TRUE !?)
[Fri Jan 15 19:39:31.995518 2016] [ssl:warn] [pid 9150] AH01909: RSA certificate configured for www.ekat.ca:443 does NOT include an ID which matches the server name
[Fri Jan 15 19:39:31.995738 2016] [ssl:warn] [pid 9150] AH01906: RSA server certificate is a CA certificate (BasicConstraints: CA == TRUE !?)
[Fri Jan 15 19:39:31.995751 2016] [ssl:warn] [pid 9150] AH01909: RSA certificate configured for www.ekat.ca:443 does NOT include an ID which matches the server name
[Fri Jan 15 19:39:32.024278 2016] [ssl:warn] [pid 9151] AH01906: RSA server certificate is a CA certificate (BasicConstraints: CA == TRUE !?)
[Fri Jan 15 19:39:32.024306 2016] [ssl:warn] [pid 9151] AH01909: RSA certificate configured for www.ekat.ca:443 does NOT include an ID which matches the server name
[Fri Jan 15 19:39:32.024513 2016] [ssl:warn] [pid 9151] AH01906: RSA server certificate is a CA certificate (BasicConstraints: CA == TRUE !?)
[Fri Jan 15 19:39:32.024525 2016] [ssl:warn] [pid 9151] AH01909: RSA certificate configured for www.ekat.ca:443 does NOT include an ID which matches the server name
[Fri Jan 15 19:39:37.095360 2016] [cgi:error] [pid 9155] [client 184.70.186.6:51381] AH01215: (13)Permission denied: exec of '/var/www/ekat.ca/Forms/index.html' failed
[Fri Jan 15 19:39:37.095827 2016] [cgi:error] [pid 9155] [client 184.70.186.6:51381] End of script output before headers: index.html
[Fri Jan 15 19:39:54.329562 2016] [cgi:error] [pid 9163] [client 184.70.186.6:51383] AH01215: (13)Permission denied: exec of '/var/www/ekat.ca/Forms/index.html' failed, referer: http://45.79.163.192/ServiceRequest.php
[Fri Jan 15 19:39:54.329950 2016] [cgi:error] [pid 9163] [client 184.70.186.6:51383] End of script output before headers: index.html, referer: http://45.79.163.192/ServiceRequest.php
[Fri Jan 15 19:41:16.224583 2016] [cgi:error] [pid 9164] [client 184.70.186.6:51411] AH01215: (8)Exec format error: exec of '/var/www/ekat.ca/Forms/index.html' failed, referer: http://45.79.163.192/ServiceRequest.php
[Fri Jan 15 19:41:16.224963 2016] [cgi:error] [pid 9164] [client 184.70.186.6:51411] End of script output before headers: index.html, referer: http://45.79.163.192/ServiceRequest.php
[Fri Jan 15 19:41:21.085391 2016] [cgi:error] [pid 9167] [client 184.70.186.6:51412] AH01215: (8)Exec format error: exec of '/var/www/ekat.ca/Forms/index.html' failed, referer: http://45.79.163.192/ServiceRequest.php
[Fri Jan 15 19:41:21.085693 2016] [cgi:error] [pid 9167] [client 184.70.186.6:51412] End of script output before headers: index.html, referer: http://45.79.163.192/ServiceRequest.php
